Component: Arm Compiler for Embedded 6.19 Tool: armlink [5e73cb00]

==============================================================================

Section Cross References

    startup_stm32f103xb.o(STACK) refers (Special) to heapauxi.o(.text) for __use_two_region_memory
    startup_stm32f103xb.o(HEAP) refers (Special) to heapauxi.o(.text) for __use_two_region_memory
    startup_stm32f103xb.o(RESET) refers (Special) to heapauxi.o(.text) for __use_two_region_memory
    startup_stm32f103xb.o(RESET) refers to startup_stm32f103xb.o(STACK) for __initial_sp
    startup_stm32f103xb.o(RESET) refers to startup_stm32f103xb.o(.text) for Reset_Handler
    startup_stm32f103xb.o(RESET) refers to stm32f1xx_it.o(.text.NMI_Handler) for NMI_Handler
    startup_stm32f103xb.o(RESET) refers to stm32f1xx_it.o(.text.HardFault_Handler) for HardFault_Handler
    startup_stm32f103xb.o(RESET) refers to stm32f1xx_it.o(.text.MemManage_Handler) for MemManage_Handler
    startup_stm32f103xb.o(RESET) refers to stm32f1xx_it.o(.text.BusFault_Handler) for BusFault_Handler
    startup_stm32f103xb.o(RESET) refers to stm32f1xx_it.o(.text.UsageFault_Handler) for UsageFault_Handler
    startup_stm32f103xb.o(RESET) refers to stm32f1xx_it.o(.text.SVC_Handler) for SVC_Handler
    startup_stm32f103xb.o(RESET) refers to stm32f1xx_it.o(.text.DebugMon_Handler) for DebugMon_Handler
    startup_stm32f103xb.o(RESET) refers to stm32f1xx_it.o(.text.PendSV_Handler) for PendSV_Handler
    startup_stm32f103xb.o(RESET) refers to stm32f1xx_it.o(.text.SysTick_Handler) for SysTick_Handler
    startup_stm32f103xb.o(RESET) refers to stm32f1xx_it.o(.text.EXTI0_IRQHandler) for EXTI0_IRQHandler
    startup_stm32f103xb.o(RESET) refers to stm32f1xx_it.o(.text.DMA1_Channel2_IRQHandler) for DMA1_Channel2_IRQHandler
    startup_stm32f103xb.o(RESET) refers to stm32f1xx_it.o(.text.DMA1_Channel3_IRQHandler) for DMA1_Channel3_IRQHandler
    startup_stm32f103xb.o(RESET) refers to stm32f1xx_it.o(.text.USB_HP_CAN1_TX_IRQHandler) for USB_HP_CAN1_TX_IRQHandler
    startup_stm32f103xb.o(RESET) refers to stm32f1xx_it.o(.text.USB_LP_CAN1_RX0_IRQHandler) for USB_LP_CAN1_RX0_IRQHandler
    startup_stm32f103xb.o(RESET) refers to stm32f1xx_it.o(.text.CAN1_RX1_IRQHandler) for CAN1_RX1_IRQHandler
    startup_stm32f103xb.o(RESET) refers to stm32f1xx_it.o(.text.CAN1_SCE_IRQHandler) for CAN1_SCE_IRQHandler
    startup_stm32f103xb.o(RESET) refers to stm32f1xx_it.o(.text.TIM3_IRQHandler) for TIM3_IRQHandler
    startup_stm32f103xb.o(RESET) refers to stm32f1xx_it.o(.text.TIM4_IRQHandler) for TIM4_IRQHandler
    startup_stm32f103xb.o(RESET) refers to stm32f1xx_it.o(.text.USART3_IRQHandler) for USART3_IRQHandler
    startup_stm32f103xb.o(.text) refers (Special) to heapauxi.o(.text) for __use_two_region_memory
    startup_stm32f103xb.o(.text) refers to system_stm32f1xx.o(.text.SystemInit) for SystemInit
    startup_stm32f103xb.o(.text) refers to __main.o(!!!main) for __main
    startup_stm32f103xb.o(.text) refers to startup_stm32f103xb.o(HEAP) for Heap_Mem
    startup_stm32f103xb.o(.text) refers to startup_stm32f103xb.o(STACK) for Stack_Mem
    main.o(.text.cmd_motor) refers to stm32f1xx_hal_can.o(.text.HAL_CAN_AddTxMessage) for HAL_CAN_AddTxMessage
    main.o(.ARM.exidx.text.cmd_motor) refers to main.o(.text.cmd_motor) for [Anonymous Symbol]
    main.o(.text.Update_Angle_Data) refers to main.o(.bss..L_MergedGlobals) for .L_MergedGlobals
    main.o(.ARM.exidx.text.Update_Angle_Data) refers to main.o(.text.Update_Angle_Data) for [Anonymous Symbol]
    main.o(.text.HAL_CAN_RxFifo0MsgPendingCallback) refers to stm32f1xx_hal_can.o(.text.HAL_CAN_GetRxMessage) for HAL_CAN_GetRxMessage
    main.o(.text.HAL_CAN_RxFifo0MsgPendingCallback) refers to main.o(.bss..L_MergedGlobals) for .L_MergedGlobals
    main.o(.ARM.exidx.text.HAL_CAN_RxFifo0MsgPendingCallback) refers to main.o(.text.HAL_CAN_RxFifo0MsgPendingCallback) for [Anonymous Symbol]
    main.o(.text.Limit_Init) refers to tim.o(.bss.htim3) for htim3
    main.o(.text.Limit_Init) refers to stm32f1xx_hal_tim.o(.text.HAL_TIM_Base_Stop_IT) for HAL_TIM_Base_Stop_IT
    main.o(.text.Limit_Init) refers to main.o(.bss..L_MergedGlobals) for .L_MergedGlobals
    main.o(.text.Limit_Init) refers to stm32f1xx_hal.o(.text.HAL_GetTick) for HAL_GetTick
    main.o(.text.Limit_Init) refers to can.o(.bss.hcan) for hcan
    main.o(.text.Limit_Init) refers to stm32f1xx_hal_can.o(.text.HAL_CAN_AddTxMessage) for HAL_CAN_AddTxMessage
    main.o(.text.Limit_Init) refers to stm32f1xx_hal.o(.text.HAL_Delay) for HAL_Delay
    main.o(.ARM.exidx.text.Limit_Init) refers to main.o(.text.Limit_Init) for [Anonymous Symbol]
    main.o(.text.Process_UART_Command) refers to strstr.o(.text) for strstr
    main.o(.text.Process_UART_Command) refers to main.o(.bss..L_MergedGlobals) for .L_MergedGlobals
    main.o(.text.Process_UART_Command) refers to atof.o(i.atof) for atof
    main.o(.text.Process_UART_Command) refers to ddiv.o(x$fpl$ddiv) for __aeabi_ddiv
[...]
    __scatterload_rt2_thumb_only             0x080000f5   Thumb Code     0  __scatter.o(!!!scatter)
    __scatterload_null                       0x08000103   Thumb Code     0  __scatter.o(!!!scatter)
    __scatterload_copy                       0x08000129   Thumb Code    26  __scatter_copy.o(!!handler_copy)
    __scatterload_zeroinit                   0x08000145   Thumb Code    28  __scatter_zi.o(!!handler_zi)
    _printf_n                                0x08000161   Thumb Code     0  _printf_n.o(.ARM.Collect$$_printf_percent$$00000001)
    _printf_percent                          0x08000161   Thumb Code     0  _printf_percent.o(.ARM.Collect$$_printf_percent$$00000000)
    _printf_p                                0x08000167   Thumb Code     0  _printf_p.o(.ARM.Collect$$_printf_percent$$00000002)
    _printf_f                                0x0800016d   Thumb Code     0  _printf_f.o(.ARM.Collect$$_printf_percent$$00000003)
    _printf_e                                0x08000173   Thumb Code     0  _printf_e.o(.ARM.Collect$$_printf_percent$$00000004)
    _printf_g                                0x08000179   Thumb Code     0  _printf_g.o(.ARM.Collect$$_printf_percent$$00000005)
    _printf_a                                0x0800017f   Thumb Code     0  _printf_a.o(.ARM.Collect$$_printf_percent$$00000006)
    _printf_ll                               0x08000185   Thumb Code     0  _printf_ll.o(.ARM.Collect$$_printf_percent$$00000007)
    _printf_i                                0x0800018f   Thumb Code     0  _printf_i.o(.ARM.Collect$$_printf_percent$$00000008)
    _printf_d                                0x08000195   Thumb Code     0  _printf_d.o(.ARM.Collect$$_printf_percent$$00000009)
    _printf_u                                0x0800019b   Thumb Code     0  _printf_u.o(.ARM.Collect$$_printf_percent$$0000000A)
    _printf_o                                0x080001a1   Thumb Code     0  _printf_o.o(.ARM.Collect$$_printf_percent$$0000000B)
    _printf_x                                0x080001a7   Thumb Code     0  _printf_x.o(.ARM.Collect$$_printf_percent$$0000000C)
    _printf_lli                              0x080001ad   Thumb Code     0  _printf_lli.o(.ARM.Collect$$_printf_percent$$0000000D)
    _printf_lld                              0x080001b3   Thumb Code     0  _printf_lld.o(.ARM.Collect$$_printf_percent$$0000000E)
    _printf_llu                              0x080001b9   Thumb Code     0  _printf_llu.o(.ARM.Collect$$_printf_percent$$0000000F)
    _printf_llo                              0x080001bf   Thumb Code     0  _printf_llo.o(.ARM.Collect$$_printf_percent$$00000010)
    _printf_llx                              0x080001c5   Thumb Code     0  _printf_llx.o(.ARM.Collect$$_printf_percent$$00000011)
    _printf_l                                0x080001cb   Thumb Code     0  _printf_l.o(.ARM.Collect$$_printf_percent$$00000012)
    _printf_c                                0x080001d5   Thumb Code     0  _printf_c.o(.ARM.Collect$$_printf_percent$$00000013)
    _printf_s                                0x080001db   Thumb Code     0  _printf_s.o(.ARM.Collect$$_printf_percent$$00000014)
    _printf_lc                               0x080001e1   Thumb Code     0  _printf_lc.o(.ARM.Collect$$_printf_percent$$00000015)
    _printf_ls                               0x080001e7   Thumb Code     0  _printf_ls.o(.ARM.Collect$$_printf_percent$$00000016)
    _printf_percent_end                      0x080001ed   Thumb Code     0  _printf_percent_end.o(.ARM.Collect$$_printf_percent$$00000017)
    __rt_lib_init                            0x080001f1   Thumb Code     0  libinit.o(.ARM.Collect$$libinit$$00000000)
    __rt_lib_init_fp_1                       0x080001f3   Thumb Code     0  libinit2.o(.ARM.Collect$$libinit$$00000002)
    __rt_lib_init_heap_1                     0x080001f3   Thumb Code     0  libinit2.o(.ARM.Collect$$libinit$$0000000C)
    __rt_lib_init_lc_common                  0x080001f3   Thumb Code     0  libinit2.o(.ARM.Collect$$libinit$$00000011)
    __rt_lib_init_preinit_1                  0x080001f3   Thumb Code     0  libinit2.o(.ARM.Collect$$libinit$$00000006)
    __rt_lib_init_rand_1                     0x080001f3   Thumb Code     0  libinit2.o(.ARM.Collect$$libinit$$00000010)
    __rt_lib_init_relocate_pie_1             0x080001f3   Thumb Code     0  libinit2.o(.ARM.Collect$$libinit$$00000004)
    __rt_lib_init_user_alloc_1               0x080001f3   Thumb Code     0  libinit2.o(.ARM.Collect$$libinit$$0000000E)
    __rt_lib_init_lc_collate_1               0x080001f9   Thumb Code     0  libinit2.o(.ARM.Collect$$libinit$$00000013)
    __rt_lib_init_lc_ctype_2                 0x080001f9   Thumb Code     0  libinit2.o(.ARM.Collect$$libinit$$00000014)
    __rt_lib_init_lc_ctype_1                 0x08000205   Thumb Code     0  libinit2.o(.ARM.Collect$$libinit$$00000015)
    __rt_lib_init_lc_monetary_1              0x08000205   Thumb Code     0  libinit2.o(.ARM.Collect$$libinit$$00000017)
    __rt_lib_init_lc_numeric_2               0x08000205   Thumb Code     0  libinit2.o(.ARM.Collect$$libinit$$00000018)
    __rt_lib_init_alloca_1                   0x0800020f   Thumb Code     0  libinit2.o(.ARM.Collect$$libinit$$00000030)
    __rt_lib_init_argv_1                     0x0800020f   Thumb Code     0  libinit2.o(.ARM.Collect$$libinit$$0000002E)
    __rt_lib_init_atexit_1                   0x0800020f   Thumb Code     0  libinit2.o(.ARM.Collect$$libinit$$0000001D)
    __rt_lib_init_clock_1                    0x0800020f   Thumb Code     0  libinit2.o(.ARM.Collect$$libinit$$00000023)
    __rt_lib_init_cpp_1                      0x0800020f   Thumb Code     0  libinit2.o(.ARM.Collect$$libinit$$00000034)
    __rt_lib_init_exceptions_1               0x0800020f   Thumb Code     0  libinit2.o(.ARM.Collect$$libinit$$00000032)
    __rt_lib_init_fp_trap_1                  0x0800020f   Thumb Code     0  libinit2.o(.ARM.Collect$$libinit$$00000021)
    __rt_lib_init_getenv_1                   0x0800020f   Thumb Code     0  libinit2.o(.ARM.Collect$$libinit$$00000025)
    __rt_lib_init_lc_numeric_1               0x0800020f   Thumb Code     0  libinit2.o(.ARM.Collect$$libinit$$00000019)
    __rt_lib_init_lc_time_1                  0x0800020f   Thumb Code     0  libinit2.o(.ARM.Collect$$libinit$$0000001B)
    __rt_lib_init_return                     0x0800020f   Thumb Code     0  libinit2.o(.ARM.Collect$$libinit$$00000035)
    __rt_lib_init_signal_1                   0x0800020f   Thumb Code     0  libinit2.o(.ARM.Collect$$libinit$$0000001F)
    __rt_lib_init_stdio_1                    0x0800020f   Thumb Code     0  libinit2.o(.ARM.Collect$$libinit$$00000027)
    __rt_lib_shutdown                        0x08000211   Thumb Code     0  libshutdown.o(.ARM.Collect$$libshutdown$$00000000)
    __rt_lib_shutdown_cpp_1                  0x08000213   Thumb Code     0  libshutdown2.o(.ARM.Collect$$libshutdown$$00000002)
    __rt_lib_shutdown_fp_trap_1              0x08000213   Thumb Code     0  libshutdown2.o(.ARM.Collect$$libshutdown$$00000007)
    __rt_lib_shutdown_heap_1                 0x08000213   Thumb Code     0  libshutdown2.o(.ARM.Collect$$libshutdown$$0000000F)
    __rt_lib_shutdown_return                 0x08000213   Thumb Code     0  libshutdown2.o(.ARM.Collect$$libshutdown$$00000010)
    __rt_lib_shutdown_signal_1               0x08000213   Thumb Code     0  libshutdown2.o(.ARM.Collect$$libshutdown$$0000000A)
    __rt_lib_shutdown_stdio_1                0x08000213   Thumb Code     0  libshutdown2.o(.ARM.Collect$$libshutdown$$00000004)
    __rt_lib_shutdown_user_alloc_1           0x08000213   Thumb Code     0  libshutdown2.o(.ARM.Collect$$libshutdown$$0000000C)
    __rt_entry                               0x08000215   Thumb Code     0  __rtentry.o(.ARM.Collect$$rtentry$$00000000)
    __rt_entry_presh_1                       0x08000215   Thumb Code     0  __rtentry2.o(.ARM.Collect$$rtentry$$00000002)
    __rt_entry_sh                            0x08000215   Thumb Code     0  __rtentry4.o(.ARM.Collect$$rtentry$$00000004)
    __rt_entry_li                            0x0800021b   Thumb Code     0  __rtentry2.o(.ARM.Collect$$rtentry$$0000000A)
    __rt_entry_postsh_1                      0x0800021b   Thumb Code     0  __rtentry2.o(.ARM.Collect$$rtentry$$00000009)
    __rt_entry_main                          0x0800021f   Thumb Code     0  __rtentry2.o(.ARM.Collect$$rtentry$$0000000D)
    __rt_entry_postli_1                      0x0800021f   Thumb Code     0  __rtentry2.o(.ARM.Collect$$rtentry$$0000000C)
    __rt_exit                                0x08000227   Thumb Code     0  rtexit.o(.ARM.Collect$$rtexit$$00000000)
    __rt_exit_ls                             0x08000229   Thumb Code     0  rtexit2.o(.ARM.Collect$$rtexit$$00000003)
    __rt_exit_prels_1                        0x08000229   Thumb Code     0  rtexit2.o(.ARM.Collect$$rtexit$$00000002)
    __rt_exit_exit                           0x0800022d   Thumb Code     0  rtexit2.o(.ARM.Collect$$rtexit$$00000004)
    Reset_Handler                            0x08000235   Thumb Code     8  startup_stm32f103xb.o(.text)
    ADC1_2_IRQHandler                        0x0800024f   Thumb Code     0  startup_stm32f103xb.o(.text)
    DMA1_Channel1_IRQHandler                 0x0800024f   Thumb Code     0  startup_stm32f103xb.o(.text)
    DMA1_Channel4_IRQHandler                 0x0800024f   Thumb Code     0  startup_stm32f103xb.o(.text)
    DMA1_Channel5_IRQHandler                 0x0800024f   Thumb Code     0  startup_stm32f103xb.o(.text)
    DMA1_Channel6_IRQHandler                 0x0800024f   Thumb Code     0  startup_stm32f103xb.o(.text)
    DMA1_Channel7_IRQHandler                 0x0800024f   Thumb Code     0  startup_stm32f103xb.o(.text)
    EXTI15_10_IRQHandler                     0x0800024f   Thumb Code     0  startup_stm32f103xb.o(.text)
    EXTI1_IRQHandler                         0x0800024f   Thumb Code     0  startup_stm32f103xb.o(.text)
    EXTI2_IRQHandler                         0x0800024f   Thumb Code     0  startup_stm32f103xb.o(.text)
    EXTI3_IRQHandler                         0x0800024f   Thumb Code     0  startup_stm32f103xb.o(.text)
    EXTI4_IRQHandler                         0x0800024f   Thumb Code     0  startup_stm32f103xb.o(.text)
    EXTI9_5_IRQHandler                       0x0800024f   Thumb Code     0  startup_stm32f103xb.o(.text)
    FLASH_IRQHandler                         0x0800024f   Thumb Code     0  startup_stm32f103xb.o(.text)
    I2C1_ER_IRQHandler                       0x0800024f   Thumb Code     0  startup_stm32f103xb.o(.text)
    I2C1_EV_IRQHandler                       0x0800024f   Thumb Code     0  startup_stm32f103xb.o(.text)
    I2C2_ER_IRQHandler                       0x0800024f   Thumb Code     0  startup_stm32f103xb.o(.text)
    I2C2_EV_IRQHandler                       0x0800024f   Thumb Code     0  startup_stm32f103xb.o(.text)
    PVD_IRQHandler                           0x0800024f   Thumb Code     0  startup_stm32f103xb.o(.text)
    RCC_IRQHandler                           0x0800024f   Thumb Code     0  startup_stm32f103xb.o(.text)
    RTC_Alarm_IRQHandler                     0x0800024f   Thumb Code     0  startup_stm32f103xb.o(.text)
    RTC_IRQHandler                           0x0800024f   Thumb Code     0  startup_stm32f103xb.o(.text)
    SPI1_IRQHandler                          0x0800024f   Thumb Code     0  startup_stm32f103xb.o(.text)
    SPI2_IRQHandler                          0x0800024f   Thumb Code     0  startup_stm32f103xb.o(.text)
    TAMPER_IRQHandler                        0x0800024f   Thumb Code     0  startup_stm32f103xb.o(.text)
    TIM1_BRK_IRQHandler                      0x0800024f   Thumb Code     0  startup_stm32f103xb.o(.text)
    TIM1_CC_IRQHandler                       0x0800024f   Thumb Code     0  startup_stm32f103xb.o(.text)
    TIM1_TRG_COM_IRQHandler                  0x0800024f   Thumb Code     0  startup_stm32f103xb.o(.text)
    TIM1_UP_IRQHandler                       0x0800024f   Thumb Code     0  startup_stm32f103xb.o(.text)
    TIM2_IRQHandler                          0x0800024f   Thumb Code     0  startup_stm32f103xb.o(.text)
    USART1_IRQHandler                        0x0800024f   Thumb Code     0  startup_stm32f103xb.o(.text)
    USART2_IRQHandler                        0x0800024f   Thumb Code     0  startup_stm32f103xb.o(.text)
    USBWakeUp_IRQHandler                     0x0800024f   Thumb Code     0  startup_stm32f103xb.o(.text)
    WWDG_IRQHandler                          0x0800024f   Thumb Code     0  startup_stm32f103xb.o(.text)
    __user_initial_stackheap                 0x08000251   Thumb Code     0  startup_stm32f103xb.o(.text)
    _snprintf                                0x08000275   Thumb Code    58  _snprintf.o(.text)
    strchr                                   0x080002b5   Thumb Code    20  strchr.o(.text)
    strstr                                   0x080002c9   Thumb Code    36  strstr.o(.text)
    strlen                                   0x080002ed   Thumb Code    62  strlen.o(.text)
    __aeabi_memcpy                           0x0800032b   Thumb Code     0  rt_memcpy_v6.o(.text)
    __rt_memcpy                              0x0800032b   Thumb Code   138  rt_memcpy_v6.o(.text)
    _memcpy_lastbytes                        0x08000391   Thumb Code     0  rt_memcpy_v6.o(.text)
    __aeabi_memcpy4                          0x080003b5   Thumb Code     0  rt_memcpy_w.o(.text)
    __aeabi_memcpy8                          0x080003b5   Thumb Code     0  rt_memcpy_w.o(.text)
    __rt_memcpy_w                            0x080003b5   Thumb Code   100  rt_memcpy_w.o(.text)
    _memcpy_lastbytes_aligned                0x080003fd   Thumb Code     0  rt_memcpy_w.o(.text)
    __use_two_region_memory                  0x08000419   Thumb Code     2  heapauxi.o(.text)
    __rt_heap_escrow$2region                 0x0800041b   Thumb Code     2  heapauxi.o(.text)
    __rt_heap_expand$2region                 0x0800041d   Thumb Code     2  heapauxi.o(.text)
    __read_errno                             0x0800041f   Thumb Code    10  _rserrno.o(.text)
    __set_errno                              0x08000429   Thumb Code    12  _rserrno.o(.text)
    _printf_pre_padding                      0x08000435   Thumb Code    44  _printf_pad.o(.text)
    _printf_post_padding                     0x08000461   Thumb Code    34  _printf_pad.o(.text)
    _printf_truncate_signed                  0x08000483   Thumb Code    18  _printf_truncate.o(.text)
    _printf_truncate_unsigned                0x08000495   Thumb Code    18  _printf_truncate.o(.text)
    _printf_str                              0x080004a7   Thumb Code    82  _printf_str.o(.text)
    _printf_int_dec                          0x080004f9   Thumb Code   104  _printf_dec.o(.text)
    _printf_charcount                        0x08000571   Thumb Code    40  _printf_charcount.o(.text)
    _printf_char_common                      0x080005a3   Thumb Code    32  _printf_char_common.o(.text)
    _snputc                                  0x080005c9   Thumb Code    16  _snputc.o(.text)
    _printf_wctomb                           0x080005d9   Thumb Code   182  _printf_wctomb.o(.text)
    _printf_longlong_dec                     0x08000695   Thumb Code   108  _printf_longlong_dec.o(.text)
    _printf_longlong_oct                     0x08000711   Thumb Code    68  _printf_oct_int_ll.o(.text)
    _printf_int_oct                          0x08000755   Thumb Code    24  _printf_oct_int_ll.o(.text)
    _printf_ll_oct                           0x0800076d   Thumb Code    12  _printf_oct_int_ll.o(.text)
    _printf_longlong_hex                     0x08000781   Thumb Code    86  _printf_hex_int_ll_ptr.o(.text)
    _printf_int_hex                          0x080007d7   Thumb Code    28  _printf_hex_int_ll_ptr.o(.text)
    _printf_ll_hex                           0x080007f3   Thumb Code    12  _printf_hex_int_ll_ptr.o(.text)
    _printf_hex_ptr                          0x080007ff   Thumb Code    18  _printf_hex_int_ll_ptr.o(.text)
    __printf                                 0x08000815   Thumb Code   388  __printf_flags_ss_wp.o(.text)
    __strtod_int                             0x080009e1   Thumb Code    94  strtod.o(.text)
    __aeabi_errno_addr                       0x08000a4d   Thumb Code     8  rt_errno_addr_intlibspace.o(.text)
    __errno$intlibspace                      0x08000a4d   Thumb Code     0  rt_errno_addr_intlibspace.o(.text)
    __rt_errno_addr$intlibspace              0x08000a4d   Thumb Code     0  rt_errno_addr_intlibspace.o(.text)
    _ll_udiv10                               0x08000a55   Thumb Code   138  lludiv10.o(.text)
    isspace                                  0x08000adf   Thumb Code    18  isspace.o(.text)
    _printf_int_common                       0x08000af1   Thumb Code   178  _printf_intcommon.o(.text)
    _printf_cs_common                        0x08000ba3   Thumb Code    20  _printf_char.o(.text)
    _printf_char                             0x08000bb7   Thumb Code    16  _printf_char.o(.text)
    _printf_string                           0x08000bc7   Thumb Code     8  _printf_char.o(.text)
    _printf_lcs_common                       0x08000bcf   Thumb Code    20  _printf_wchar.o(.text)
    _printf_wchar                            0x08000be3   Thumb Code    16  _printf_wchar.o(.text)
    _printf_wstring                          0x08000bf3   Thumb Code     8  _printf_wchar.o(.text)
    _sgetc                                   0x08000bfb   Thumb Code    30  _sgetc.o(.text)
    _sbackspace                              0x08000c19   Thumb Code    34  _sgetc.o(.text)
    _c16rtomb                                0x08000c3b   Thumb Code    72  _c16rtomb.o(.text)
    _wcrtomb                                 0x08000c3b   Thumb Code     0  _c16rtomb.o(.text)
    __user_libspace                          0x08000c85   Thumb Code     8  libspace.o(.text)
    __user_perproc_libspace                  0x08000c85   Thumb Code     0  libspace.o(.text)
    __user_perthread_libspace                0x08000c85   Thumb Code     0  libspace.o(.text)
    __user_setup_stackheap                   0x08000c8d   Thumb Code    74  sys_stackheap_outer.o(.text)
    __rt_ctype_table                         0x08000cd9   Thumb Code    16  rt_ctype_table.o(.text)
    _scanf_really_real                       0x08000f35   Thumb Code   684  scanf_fp.o(.text)
    exit                                     0x080011e1   Thumb Code    18  exit.o(.text)
    strcmp                                   0x080011f5   Thumb Code   128  strcmpv7m.o(.text)
    __rt_locale                              0x08001275   Thumb Code     8  rt_locale_intlibspace.o(.text)
    __aeabi_llsl                             0x0800127d   Thumb Code     0  llshl.o(.text)
    _ll_shift_l                              0x0800127d   Thumb Code    38  llshl.o(.text)
    _btod_etento                             0x080012a5   Thumb Code   224  bigflt0.o(.text)
    _sys_exit                                0x08001389   Thumb Code     8  sys_exit.o(.text)
    _scanf_really_hex_real                   0x08001395   Thumb Code   786  scanf_hexfp.o(.text)
    _scanf_really_infnan                     0x080016b5   Thumb Code   292  scanf_infnan.o(.text)
    __I$use$semihosting                      0x080017e9   Thumb Code     0  use_no_semi.o(.text)
    __use_no_semihosting_swi                 0x080017e9   Thumb Code     2  use_no_semi.o(.text)
    __semihosting_library_function           0x080017eb   Thumb Code     0  indicate_semi.o(.text)
    _chval                                   0x080017eb   Thumb Code    28  _chval.o(.text)
    BusFault_Handler                         0x08001809   Thumb Code     2  stm32f1xx_it.o(.text.BusFault_Handler)
    CAN1_RX1_IRQHandler                      0x0800180d   Thumb Code    12  stm32f1xx_it.o(.text.CAN1_RX1_IRQHandler)
    CAN1_SCE_IRQHandler                      0x08001819   Thumb Code    12  stm32f1xx_it.o(.text.CAN1_SCE_IRQHandler)
    DMA1_Channel2_IRQHandler                 0x08001825   Thumb Code    12  stm32f1xx_it.o(.text.DMA1_Channel2_IRQHandler)
    DMA1_Channel3_IRQHandler                 0x08001831   Thumb Code    12  stm32f1xx_it.o(.text.DMA1_Channel3_IRQHandler)
    DebugMon_Handler                         0x0800183d   Thumb Code     2  stm32f1xx_it.o(.text.DebugMon_Handler)
    EXTI0_IRQHandler                         0x08001841   Thumb Code     6  stm32f1xx_it.o(.text.EXTI0_IRQHandler)
    Error_Handler                            0x08001849   Thumb Code    10  main.o(.text.Error_Handler)
    HAL_CAN_ActivateNotification             0x08001855   Thumb Code    46  stm32f1xx_hal_can.o(.text.HAL_CAN_ActivateNotification)
    HAL_CAN_AddTxMessage                     0x08001885   Thumb Code   168  stm32f1xx_hal_can.o(.text.HAL_CAN_AddTxMessage)
    HAL_CAN_ConfigFilter                     0x0800192d   Thumb Code   234  stm32f1xx_hal_can.o(.text.HAL_CAN_ConfigFilter)
    HAL_CAN_DeactivateNotification           0x08001a19   Thumb Code    36  stm32f1xx_hal_can.o(.text.HAL_CAN_DeactivateNotification)
    HAL_CAN_ErrorCallback                    0x08001a3d   Thumb Code     2  stm32f1xx_hal_can.o(.text.HAL_CAN_ErrorCallback)
    HAL_CAN_GetRxMessage                     0x08001a41   Thumb Code   308  stm32f1xx_hal_can.o(.text.HAL_CAN_GetRxMessage)
    HAL_CAN_IRQHandler                       0x08001b75   Thumb Code   606  stm32f1xx_hal_can.o(.text.HAL_CAN_IRQHandler)
    HAL_CAN_Init                             0x08001dd5   Thumb Code   244  stm32f1xx_hal_can.o(.text.HAL_CAN_Init)
    HAL_CAN_MspInit                          0x08001ec9   Thumb Code   220  can.o(.text.HAL_CAN_MspInit)
    HAL_CAN_RxFifo0FullCallback              0x08001fa5   Thumb Code     2  stm32f1xx_hal_can.o(.text.HAL_CAN_RxFifo0FullCallback)
    HAL_CAN_RxFifo0MsgPendingCallback        0x08001fa9   Thumb Code   116  main.o(.text.HAL_CAN_RxFifo0MsgPendingCallback)
    HAL_CAN_RxFifo1FullCallback              0x0800201d   Thumb Code     2  stm32f1xx_hal_can.o(.text.HAL_CAN_RxFifo1FullCallback)
    HAL_CAN_RxFifo1MsgPendingCallback        0x08002021   Thumb Code     2  stm32f1xx_hal_can.o(.text.HAL_CAN_RxFifo1MsgPendingCallback)
    HAL_CAN_SleepCallback                    0x08002025   Thumb Code     2  stm32f1xx_hal_can.o(.text.HAL_CAN_SleepCallback)
    HAL_CAN_Start                            0x08002029   Thumb Code    90  stm32f1xx_hal_can.o(.text.HAL_CAN_Start)
    HAL_CAN_TxMailbox0AbortCallback          0x08002085   Thumb Code     2  stm32f1xx_hal_can.o(.text.HAL_CAN_TxMailbox0AbortCallback)
    HAL_CAN_TxMailbox0CompleteCallback       0x08002089   Thumb Code     2  stm32f1xx_hal_can.o(.text.HAL_CAN_TxMailbox0CompleteCallback)
    HAL_CAN_TxMailbox1AbortCallback          0x0800208d   Thumb Code     2  stm32f1xx_hal_can.o(.text.HAL_CAN_TxMailbox1AbortCallback)
    HAL_CAN_TxMailbox1CompleteCallback       0x08002091   Thumb Code     2  stm32f1xx_hal_can.o(.text.HAL_CAN_TxMailbox1CompleteCallback)
    HAL_CAN_TxMailbox2AbortCallback          0x08002095   Thumb Code     2  stm32f1xx_hal_can.o(.text.HAL_CAN_TxMailbox2AbortCallback)
    HAL_CAN_TxMailbox2CompleteCallback       0x08002099   Thumb Code     2  stm32f1xx_hal_can.o(.text.HAL_CAN_TxMailbox2CompleteCallback)
    HAL_CAN_WakeUpFromRxMsgCallback          0x0800209d   Thumb Code     2  stm32f1xx_hal_can.o(.text.HAL_CAN_WakeUpFromRxMsgCallback)
    HAL_DMA_Abort                            0x080020a1   Thumb Code    70  stm32f1xx_hal_dma.o(.text.HAL_DMA_Abort)
    HAL_DMA_Abort_IT                         0x080020e9   Thumb Code   178  stm32f1xx_hal_dma.o(.text.HAL_DMA_Abort_IT)
    HAL_DMA_IRQHandler                       0x0800219d   Thumb Code   416  stm32f1xx_hal_dma.o(.text.HAL_DMA_IRQHandler)
    HAL_DMA_Init                             0x0800233d   Thumb Code   136  stm32f1xx_hal_dma.o(.text.HAL_DMA_Init)
    HAL_DMA_Start_IT                         0x080023c5   Thumb Code   156  stm32f1xx_hal_dma.o(.text.HAL_DMA_Start_IT)
    HAL_Delay                                0x08002461   Thumb Code    40  stm32f1xx_hal.o(.text.HAL_Delay)
    HAL_GPIO_EXTI_Callback                   0x08002489   Thumb Code     2  stm32f1xx_hal_gpio.o(.text.HAL_GPIO_EXTI_Callback)
    HAL_GPIO_EXTI_IRQHandler                 0x0800248d   Thumb Code    22  stm32f1xx_hal_gpio.o(.text.HAL_GPIO_EXTI_IRQHandler)
    HAL_GPIO_Init                            0x080024a5   Thumb Code   538  stm32f1xx_hal_gpio.o(.text.HAL_GPIO_Init)
    HAL_GPIO_TogglePin                       0x080026c1   Thumb Code    16  stm32f1xx_hal_gpio.o(.text.HAL_GPIO_TogglePin)
    HAL_GPIO_WritePin                        0x080026d1   Thumb Code    10  stm32f1xx_hal_gpio.o(.text.HAL_GPIO_WritePin)
    HAL_GetTick                              0x080026dd   Thumb Code    12  stm32f1xx_hal.o(.text.HAL_GetTick)
    HAL_IncTick                              0x080026e9   Thumb Code    26  stm32f1xx_hal.o(.text.HAL_IncTick)
    HAL_Init                                 0x08002705   Thumb Code    38  stm32f1xx_hal.o(.text.HAL_Init)
    HAL_InitTick                             0x0800272d   Thumb Code    72  stm32f1xx_hal.o(.text.HAL_InitTick)
    HAL_MspInit                              0x08002775   Thumb Code    66  stm32f1xx_hal_msp.o(.text.HAL_MspInit)
    HAL_NVIC_EnableIRQ                       0x080027b9   Thumb Code    38  stm32f1xx_hal_cortex.o(.text.HAL_NVIC_EnableIRQ)
    HAL_NVIC_SetPriority                     0x080027e1   Thumb Code    86  stm32f1xx_hal_cortex.o(.text.HAL_NVIC_SetPriority)
    HAL_NVIC_SetPriorityGrouping             0x08002839   Thumb Code    32  stm32f1xx_hal_cortex.o(.text.HAL_NVIC_SetPriorityGrouping)
    HAL_RCC_ClockConfig                      0x08002859   Thumb Code   462  stm32f1xx_hal_rcc.o(.text.HAL_RCC_ClockConfig)
    HAL_RCC_GetPCLK1Freq                     0x08002a29   Thumb Code    38  stm32f1xx_hal_rcc.o(.text.HAL_RCC_GetPCLK1Freq)
    HAL_RCC_GetPCLK2Freq                     0x08002a51   Thumb Code    38  stm32f1xx_hal_rcc.o(.text.HAL_RCC_GetPCLK2Freq)
    HAL_RCC_OscConfig                        0x08002a79   Thumb Code   948  stm32f1xx_hal_rcc.o(.text.HAL_RCC_OscConfig)
    HAL_SYSTICK_Config                       0x08002e2d   Thumb Code    44  stm32f1xx_hal_cortex.o(.text.HAL_SYSTICK_Config)
    HAL_TIMEx_BreakCallback                  0x08002e59   Thumb Code     2  stm32f1xx_hal_tim_ex.o(.text.HAL_TIMEx_BreakCallback)
    HAL_TIMEx_CommutCallback                 0x08002e5d   Thumb Code     2  stm32f1xx_hal_tim_ex.o(.text.HAL_TIMEx_CommutCallback)
    HAL_TIMEx_MasterConfigSynchronization    0x08002e61   Thumb Code   122  stm32f1xx_hal_tim_ex.o(.text.HAL_TIMEx_MasterConfigSynchronization)
    HAL_TIM_Base_Init                        0x08002edd   Thumb Code   250  stm32f1xx_hal_tim.o(.text.HAL_TIM_Base_Init)
    HAL_TIM_Base_MspInit                     0x08002fd9   Thumb Code   116  tim.o(.text.HAL_TIM_Base_MspInit)
    HAL_TIM_Base_Start_IT                    0x0800304d   Thumb Code   110  stm32f1xx_hal_tim.o(.text.HAL_TIM_Base_Start_IT)
    HAL_TIM_Base_Stop                        0x080030bd   Thumb Code    52  stm32f1xx_hal_tim.o(.text.HAL_TIM_Base_Stop)
    HAL_TIM_Base_Stop_IT                     0x080030f1   Thumb Code    60  stm32f1xx_hal_tim.o(.text.HAL_TIM_Base_Stop_IT)
    HAL_TIM_ConfigClockSource                0x0800312d   Thumb Code   412  stm32f1xx_hal_tim.o(.text.HAL_TIM_ConfigClockSource)
    HAL_TIM_IC_CaptureCallback               0x080032c9   Thumb Code     2  stm32f1xx_hal_tim.o(.text.HAL_TIM_IC_CaptureCallback)
    HAL_TIM_IRQHandler                       0x080032cd   Thumb Code   334  stm32f1xx_hal_tim.o(.text.HAL_TIM_IRQHandler)
    HAL_TIM_OC_DelayElapsedCallback          0x0800341d   Thumb Code     2  stm32f1xx_hal_tim.o(.text.HAL_TIM_OC_DelayElapsedCallback)
    HAL_TIM_PWM_PulseFinishedCallback        0x08003421   Thumb Code     2  stm32f1xx_hal_tim.o(.text.HAL_TIM_PWM_PulseFinishedCallback)
    HAL_TIM_PeriodElapsedCallback            0x08003425   Thumb Code   140  main.o(.text.HAL_TIM_PeriodElapsedCallback)
    HAL_TIM_TriggerCallback                  0x080034c1   Thumb Code     2  stm32f1xx_hal_tim.o(.text.HAL_TIM_TriggerCallback)
    HAL_UARTEx_ReceiveToIdle_DMA             0x080034c5   Thumb Code   458  stm32f1xx_hal_uart.o(.text.HAL_UARTEx_ReceiveToIdle_DMA)
    HAL_UARTEx_RxEventCallback               0x08003691   Thumb Code   160  main.o(.text.HAL_UARTEx_RxEventCallback)
    HAL_UART_ErrorCallback                   0x08003731   Thumb Code     2  stm32f1xx_hal_uart.o(.text.HAL_UART_ErrorCallback)
    HAL_UART_IRQHandler                      0x08003735   Thumb Code  1376  stm32f1xx_hal_uart.o(.text.HAL_UART_IRQHandler)
    HAL_UART_Init                            0x08003c95   Thumb Code   226  stm32f1xx_hal_uart.o(.text.HAL_UART_Init)
    HAL_UART_MspInit                         0x08003d79   Thumb Code   254  usart.o(.text.HAL_UART_MspInit)
    HAL_UART_RxCpltCallback                  0x08003e79   Thumb Code     2  stm32f1xx_hal_uart.o(.text.HAL_UART_RxCpltCallback)
    HAL_UART_RxHalfCpltCallback              0x08003e7d   Thumb Code     2  stm32f1xx_hal_uart.o(.text.HAL_UART_RxHalfCpltCallback)
    HAL_UART_Transmit                        0x08003e81   Thumb Code   376  stm32f1xx_hal_uart.o(.text.HAL_UART_Transmit)
    HAL_UART_Transmit_IT                     0x08003ff9   Thumb Code    56  stm32f1xx_hal_uart.o(.text.HAL_UART_Transmit_IT)
    HAL_UART_TxCpltCallback                  0x08004031   Thumb Code     2  stm32f1xx_hal_uart.o(.text.HAL_UART_TxCpltCallback)
    HardFault_Handler                        0x08004035   Thumb Code     2  stm32f1xx_it.o(.text.HardFault_Handler)
    Limit_Init                               0x08004039   Thumb Code   358  main.o(.text.Limit_Init)
    MX_CAN_Init                              0x080041a1   Thumb Code    58  can.o(.text.MX_CAN_Init)
    MX_DMA_Init                              0x080041dd   Thumb Code    68  dma.o(.text.MX_DMA_Init)
    MX_GPIO_Init                             0x08004221   Thumb Code   156  gpio.o(.text.MX_GPIO_Init)
    MX_TIM3_Init                             0x080042bd   Thumb Code   120  tim.o(.text.MX_TIM3_Init)
    MX_TIM4_Init                             0x08004335   Thumb Code   120  tim.o(.text.MX_TIM4_Init)
    MX_USART3_UART_Init                      0x080043ad   Thumb Code    82  usart.o(.text.MX_USART3_UART_Init)
    MemManage_Handler                        0x08004401   Thumb Code     2  stm32f1xx_it.o(.text.MemManage_Handler)
    NMI_Handler                              0x08004405   Thumb Code     2  stm32f1xx_it.o(.text.NMI_Handler)
    PID_Control                              0x08004409   Thumb Code   334  main.o(.text.PID_Control)
    PendSV_Handler                           0x08004559   Thumb Code     2  stm32f1xx_it.o(.text.PendSV_Handler)
    Process_UART_Command                     0x0800455d   Thumb Code   140  main.o(.text.Process_UART_Command)
    SVC_Handler                              0x08004601   Thumb Code     2  stm32f1xx_it.o(.text.SVC_Handler)
    SysTick_Handler                          0x08004605   Thumb Code     4  stm32f1xx_it.o(.text.SysTick_Handler)
    SystemInit                               0x08004609   Thumb Code     2  system_stm32f1xx.o(.text.SystemInit)
    TIM3_IRQHandler                          0x0800460d   Thumb Code    12  stm32f1xx_it.o(.text.TIM3_IRQHandler)
    TIM4_IRQHandler                          0x08004619   Thumb Code    12  stm32f1xx_it.o(.text.TIM4_IRQHandler)
    USART3_IRQHandler                        0x08004a25   Thumb Code    12  stm32f1xx_it.o(.text.USART3_IRQHandler)
    USB_HP_CAN1_TX_IRQHandler                0x08004a31   Thumb Code    12  stm32f1xx_it.o(.text.USB_HP_CAN1_TX_IRQHandler)
    USB_LP_CAN1_RX0_IRQHandler               0x08004a3d   Thumb Code    12  stm32f1xx_it.o(.text.USB_LP_CAN1_RX0_IRQHandler)
    UsageFault_Handler                       0x08004a49   Thumb Code     2  stm32f1xx_it.o(.text.UsageFault_Handler)
    arm_clip_f32                             0x08004a4d   Thumb Code   428  basicmathfunctions.o(.text.arm_clip_f32)
    arm_pid_init_f32                         0x08004bf9   Thumb Code    64  controllerfunctions.o(.text.arm_pid_init_f32)
    main                                     0x08004c39   Thumb Code   412  main.o(.text.main)
    __btod_div_common                        0x08004dd5   Thumb Code   696  btod.o(CL$$btod_div_common)
    _e2d                                     0x0800510d   Thumb Code   122  btod.o(CL$$btod_e2d)
    _e2e                                     0x08005191   Thumb Code   220  btod.o(CL$$btod_e2e)
    _btod_ediv                               0x0800526d   Thumb Code    42  btod.o(CL$$btod_ediv)
    _btod_edivd                              0x08005297   Thumb Code    42  btod.o(CL$$btod_edivd)
    _btod_emul                               0x080052c1   Thumb Code    42  btod.o(CL$$btod_emul)
    _btod_emuld                              0x080052eb   Thumb Code    42  btod.o(CL$$btod_emuld)
    __btod_mult_common                       0x08005315   Thumb Code   580  btod.o(CL$$btod_mult_common)
    __mathlib_dbl_overflow                   0x08005559   Thumb Code    14  dunder.o(i.__mathlib_dbl_overflow)
    __mathlib_dbl_underflow                  0x08005569   Thumb Code    10  dunder.o(i.__mathlib_dbl_underflow)
    __mathlib_narrow                         0x08005579   Thumb Code    16  narrow.o(i.__mathlib_narrow)
    __mathlib_tofloat                        0x08005589   Thumb Code   184  narrow.o(i.__mathlib_tofloat)
    __support_ldexp                          0x08005645   Thumb Code    22  ldexp.o(i.__support_ldexp)
    _is_digit                                0x0800565b   Thumb Code    14  __printf_wp.o(i._is_digit)
    atof                                     0x08005669   Thumb Code    44  atof.o(i.atof)
    frexp                                    0x08005695   Thumb Code    80  frexp.o(i.frexp)
    ldexp                                    0x080056ed   Thumb Code   116  ldexp.o(i.ldexp)
    _get_lc_numeric                          0x08005761   Thumb Code    44  lc_numeric_c.o(locale$$code)
    _get_lc_ctype                            0x0800578d   Thumb Code    44  lc_ctype_c.o(locale$$code)
    __aeabi_d2f                              0x080057b9   Thumb Code     0  d2f.o(x$fpl$d2f)
    _d2f                                     0x080057b9   Thumb Code    98  d2f.o(x$fpl$d2f)
    __fpl_dcheck_NaN1                        0x0800581d   Thumb Code    10  dcheck1.o(x$fpl$dcheck1)
    __fpl_dcmp_Inf                           0x0800582d   Thumb Code    24  dcmpi.o(x$fpl$dcmpinf)
    __aeabi_ddiv                             0x08005845   Thumb Code     0  ddiv.o(x$fpl$ddiv)
    _ddiv                                    0x08005845   Thumb Code   556  ddiv.o(x$fpl$ddiv)
    __aeabi_cdcmpeq                          0x08005af9   Thumb Code     0  deqf.o(x$fpl$deqf)
    _dcmpeq                                  0x08005af9   Thumb Code   120  deqf.o(x$fpl$deqf)
    __aeabi_cdcmple                          0x08005b71   Thumb Code     0  dleqf.o(x$fpl$dleqf)
    _dcmple                                  0x08005b71   Thumb Code   120  dleqf.o(x$fpl$dleqf)
    __fpl_dcmple_InfNaN                      0x08005bd3   Thumb Code     0  dleqf.o(x$fpl$dleqf)
    __fpl_dnaninf                            0x08005be9   Thumb Code   156  dnaninf.o(x$fpl$dnaninf)
    __fpl_dretinf                            0x08005c85   Thumb Code    12  dretinf.o(x$fpl$dretinf)
    __aeabi_cdrcmple                         0x08005c91   Thumb Code     0  drleqf.o(x$fpl$drleqf)
    _drcmple                                 0x08005c91   Thumb Code   108  drleqf.o(x$fpl$drleqf)
    __aeabi_fadd                             0x08005cfd   Thumb Code     0  faddsub_clz.o(x$fpl$fadd)
    _fadd                                    0x08005cfd   Thumb Code   196  faddsub_clz.o(x$fpl$fadd)
    __aeabi_fcmpeq                           0x08005dc1   Thumb Code     0  fcmp.o(x$fpl$fcmp)
    _feq                                     0x08005dc1   Thumb Code    14  fcmp.o(x$fpl$fcmp)
    _fneq                                    0x08005dcf   Thumb Code    14  fcmp.o(x$fpl$fcmp)
    __aeabi_fcmpgt                           0x08005ddd   Thumb Code     0  fcmp.o(x$fpl$fcmp)
    _fgr                                     0x08005ddd   Thumb Code    14  fcmp.o(x$fpl$fcmp)
    __aeabi_fcmpge                           0x08005deb   Thumb Code     0  fcmp.o(x$fpl$fcmp)
    _fgeq                                    0x08005deb   Thumb Code    14  fcmp.o(x$fpl$fcmp)
    __aeabi_fcmple                           0x08005df9   Thumb Code     0  fcmp.o(x$fpl$fcmp)
    _fleq                                    0x08005df9   Thumb Code    14  fcmp.o(x$fpl$fcmp)
    __aeabi_fcmplt                           0x08005e07   Thumb Code     0  fcmp.o(x$fpl$fcmp)
    _fls                                     0x08005e07   Thumb Code    14  fcmp.o(x$fpl$fcmp)
    __fpl_fcmp_Inf                           0x08005e15   Thumb Code    24  fcmpi.o(x$fpl$fcmpinf)
    __aeabi_cfcmpeq                          0x08005e2d   Thumb Code     0  feqf.o(x$fpl$feqf)
    _fcmpeq                                  0x08005e2d   Thumb Code   104  feqf.o(x$fpl$feqf)
    __aeabi_f2iz                             0x08005e95   Thumb Code     0  ffix.o(x$fpl$ffix)
    _ffix                                    0x08005e95   Thumb Code    54  ffix.o(x$fpl$ffix)
    __aeabi_i2f                              0x08005ecd   Thumb Code     0  fflt_clz.o(x$fpl$fflt)
    _fflt                                    0x08005ecd   Thumb Code    48  fflt_clz.o(x$fpl$fflt)
    _fcmpge                                  0x08005efd   Thumb Code   104  fgeqf.o(x$fpl$fgeqf)
    __aeabi_cfcmple                          0x08005f65   Thumb Code     0  fleqf.o(x$fpl$fleqf)
    _fcmple                                  0x08005f65   Thumb Code   104  fleqf.o(x$fpl$fleqf)
    __fpl_fcmple_InfNaN                      0x08005fb7   Thumb Code     0  fleqf.o(x$fpl$fleqf)
    __aeabi_fmul                             0x08005fcd   Thumb Code     0  fmul.o(x$fpl$fmul)
    _fmul                                    0x08005fcd   Thumb Code   258  fmul.o(x$fpl$fmul)
    __fpl_fnaninf                            0x080060cf   Thumb Code   140  fnaninf.o(x$fpl$fnaninf)
    __fpl_fretinf                            0x0800615b   Thumb Code    10  fretinf.o(x$fpl$fretinf)
    __aeabi_fsub                             0x08006165   Thumb Code     0  faddsub_clz.o(x$fpl$fsub)
    _fsub                                    0x08006165   Thumb Code   234  faddsub_clz.o(x$fpl$fsub)
    __ieee_status                            0x0800624f   Thumb Code     6  istatus.o(x$fpl$ieeestatus)
    __fpl_return_NaN                         0x08006255   Thumb Code   100  retnan.o(x$fpl$retnan)
    __ARM_scalbn                             0x080062b9   Thumb Code    92  scalbn.o(x$fpl$scalbn)
    _scanf_real                              0x08006315   Thumb Code     4  scanf1.o(x$fpl$scanf1)
    _scanf_hex_real                          0x08006319   Thumb Code     4  scanf2.o(x$fpl$scanf2)
    _scanf_infnan                            0x0800631d   Thumb Code     4  scanf2.o(x$fpl$scanf2)
    __fpl_cmpreturn                          0x08006321   Thumb Code    48  trapv.o(x$fpl$trapveneer)
    __I$use$fp                               0x08006350   Number         0  usenofp.o(x$fpl$usenofp)
    AHBPrescTable                            0x08006428   Data          16  system_stm32f1xx.o(.rodata.AHBPrescTable)
    APBPrescTable                            0x08006438   Data           8  system_stm32f1xx.o(.rodata.APBPrescTable)
    Region$$Table$$Base                      0x08006458   Number         0  anon$$obj.o(Region$$Table)
    Region$$Table$$Limit                     0x08006478   Number         0  anon$$obj.o(Region$$Table)
    __aeabi_HUGE_VAL                         0x08006478   Data           0  fpconst.o(c$$dinf)
    __aeabi_HUGE_VALL                        0x08006478   Data           0  fpconst.o(c$$dinf)
    __aeabi_INFINITY                         0x08006478   Data           0  fpconst.o(c$$dinf)
    __dInf                                   0x08006478   Data           0  fpconst.o(c$$dinf)
    __huge_val                               0x08006478   Data           0  fpconst.o(c$$dinf)
    __dbl_max                                0x08006480   Data           0  fpconst.o(c$$dmax)
    __ctype                                  0x080064b1   Data           0  lc_ctype_c.o(locale$$data)
    uwTickFreq                               0x20000000   Data           1  stm32f1xx_hal.o(.data..L_MergedGlobals)
    uwTickPrio                               0x20000004   Data           4  stm32f1xx_hal.o(.data..L_MergedGlobals)
    SystemCoreClock                          0x20000008   Data           4  system_stm32f1xx.o(.data.SystemCoreClock)
    __libspace_start                         0x20000010   Data          96  libspace.o(.bss)
    __temporary_stack_top$libspace           0x20000070   Data           0  libspace.o(.bss)
    work_mode                                0x20000070   Data           1  main.o(.bss..L_MergedGlobals)
    target_pos                               0x20000074   Data           4  main.o(.bss..L_MergedGlobals)
    uart_cmd_buf                             0x20000084   Data          16  main.o(.bss..L_MergedGlobals)
    motor                                    0x20000094   Data          24  main.o(.bss..L_MergedGlobals)
    uart_rx_buf                              0x200000ac   Data          32  main.o(.bss..L_MergedGlobals)
    uart_buf                                 0x200000f0   Data          64  main.o(.bss..L_MergedGlobals.9)
    hcan                                     0x20000130   Data          40  can.o(.bss.hcan)
    hdma_usart3_rx                           0x20000158   Data          68  usart.o(.bss.hdma_usart3_rx)
    hdma_usart3_tx                           0x2000019c   Data          68  usart.o(.bss.hdma_usart3_tx)
    htim3                                    0x200001e0   Data          72  tim.o(.bss.htim3)
    htim4                                    0x20000228   Data          72  tim.o(.bss.htim4)
    huart3                                   0x20000270   Data          72  usart.o(.bss.huart3)
    uwTick                                   0x200002b8   Data           4  stm32f1xx_hal.o(.bss.uwTick)



==============================================================================

Memory Map of the image

  Image Entry point : 0x080000ed

  Load Region LR_IROM1 (Base: 0x08000000, Size: 0x000065c8, Max: 0x00010000, ABSOLUTE)

    Execution Region ER_IROM1 (Exec base: 0x08000000, Load base: 0x08000000, Size: 0x000065b4, Max: 0x00010000, ABSOLUTE)

    Exec Addr    Load Addr    Size         Type   Attr      Idx    E Section Name        Object

    0x08000000   0x08000000   0x000000ec   Data   RO            3    RESET               startup_stm32f103xb.o
    0x080000ec   0x080000ec   0x00000008   Code   RO         2813  * !!!main             c_w.l(__main.o)
    0x080000f4   0x080000f4   0x00000034   Code   RO         3385    !!!scatter          c_w.l(__scatter.o)
    0x08000128   0x08000128   0x0000001a   Code   RO         3387    !!handler_copy      c_w.l(__scatter_copy.o)
    0x08000142   0x08000142   0x00000002   PAD
    0x08000144   0x08000144   0x0000001c   Code   RO         3389    !!handler_zi        c_w.l(__scatter_zi.o)
    0x08000160   0x08000160   0x00000000   Code   RO         3014    .ARM.Collect$$_printf_percent$$00000000  c_w.l(_printf_percent.o)
    0x08000160   0x08000160   0x00000006   Code   RO         3003    .ARM.Collect$$_printf_percent$$00000001  c_w.l(_printf_n.o)
    0x08000166   0x08000166   0x00000006   Code   RO         3005    .ARM.Collect$$_printf_percent$$00000002  c_w.l(_printf_p.o)
    0x0800016c   0x0800016c   0x00000006   Code   RO         3010    .ARM.Collect$$_printf_percent$$00000003  c_w.l(_printf_f.o)
    0x08000172   0x08000172   0x00000006   Code   RO         3011    .ARM.Collect$$_printf_percent$$00000004  c_w.l(_printf_e.o)
    0x08000178   0x08000178   0x00000006   Code   RO         3012    .ARM.Collect$$_printf_percent$$00000005  c_w.l(_printf_g.o)
    0x0800017e   0x0800017e   0x00000006   Code   RO         3013    .ARM.Collect$$_printf_percent$$00000006  c_w.l(_printf_a.o)
    0x08000184   0x08000184   0x0000000a   Code   RO         3018    .ARM.Collect$$_printf_percent$$00000007  c_w.l(_printf_ll.o)
    0x0800018e   0x0800018e   0x00000006   Code   RO         3007    .ARM.Collect$$_printf_percent$$00000008  c_w.l(_printf_i.o)
    0x08000194   0x08000194   0x00000006   Code   RO         3008    .ARM.Collect$$_printf_percent$$00000009  c_w.l(_printf_d.o)
    0x0800019a   0x0800019a   0x00000006   Code   RO         3009    .ARM.Collect$$_printf_percent$$0000000A  c_w.l(_printf_u.o)
    0x080001a0   0x080001a0   0x00000006   Code   RO         3006    .ARM.Collect$$_printf_percent$$0000000B  c_w.l(_printf_o.o)
    0x080001a6   0x080001a6   0x00000006   Code   RO         3004    .ARM.Collect$$_printf_percent$$0000000C  c_w.l(_printf_x.o)
    0x080001ac   0x080001ac   0x00000006   Code   RO         3015    .ARM.Collect$$_printf_percent$$0000000D  c_w.l(_printf_lli.o)
    0x080001b2   0x080001b2   0x00000006   Code   RO         3016    .ARM.Collect$$_printf_percent$$0000000E  c_w.l(_printf_lld.o)
    0x080001b8   0x080001b8   0x00000006   Code   RO         3017    .ARM.Collect$$_printf_percent$$0000000F  c_w.l(_printf_llu.o)
    0x080001be   0x080001be   0x00000006   Code   RO         3022    .ARM.Collect$$_printf_percent$$00000010  c_w.l(_printf_llo.o)
    0x080001c4   0x080001c4   0x00000006   Code   RO         3023    .ARM.Collect$$_printf_percent$$00000011  c_w.l(_printf_llx.o)
    0x080001ca   0x080001ca   0x0000000a   Code   RO         3019    .ARM.Collect$$_printf_percent$$00000012  c_w.l(_printf_l.o)
    0x080001d4   0x080001d4   0x00000006   Code   RO         3001    .ARM.Collect$$_printf_percent$$00000013  c_w.l(_printf_c.o)
    0x080001da   0x080001da   0x00000006   Code   RO         3002    .ARM.Collect$$_printf_percent$$00000014  c_w.l(_printf_s.o)
    0x080001e0   0x080001e0   0x00000006   Code   RO         3020    .ARM.Collect$$_printf_percent$$00000015  c_w.l(_printf_lc.o)
    0x080001e6   0x080001e6   0x00000006   Code   RO         3021    .ARM.Collect$$_printf_percent$$00000016  c_w.l(_printf_ls.o)
    0x080001ec   0x080001ec   0x00000004   Code   RO         3130    .ARM.Collect$$_printf_percent$$00000017  c_w.l(_printf_percent_end.o)
    0x080001f0   0x080001f0   0x00000002   Code   RO         3172    .ARM.Collect$$libinit$$00000000  c_w.l(libinit.o)
    0x080001f2   0x080001f2   0x00000000   Code   RO         3174    .ARM.Collect$$libinit$$00000002  c_w.l(libinit2.o)
    0x080001f2   0x080001f2   0x00000000   Code   RO         3176    .ARM.Collect$$libinit$$00000004  c_w.l(libinit2.o)
    0x080001f2   0x080001f2   0x00000000   Code   RO         3178    .ARM.Collect$$libinit$$00000006  c_w.l(libinit2.o)
    0x080001f2   0x080001f2   0x00000000   Code   RO         3181    .ARM.Collect$$libinit$$0000000C  c_w.l(libinit2.o)
    0x080001f2   0x080001f2   0x00000000   Code   RO         3183    .ARM.Collect$$libinit$$0000000E  c_w.l(libinit2.o)
    0x080001f2   0x080001f2   0x00000000   Code   RO         3185    .ARM.Collect$$libinit$$00000010  c_w.l(libinit2.o)
    0x080001f2   0x080001f2   0x00000006   Code   RO         3186    .ARM.Collect$$libinit$$00000011  c_w.l(libinit2.o)
    0x080001f8   0x080001f8   0x00000000   Code   RO         3188    .ARM.Collect$$libinit$$00000013  c_w.l(libinit2.o)
    0x080001f8   0x080001f8   0x0000000c   Code   RO         3189    .ARM.Collect$$libinit$$00000014  c_w.l(libinit2.o)
    0x08000204   0x08000204   0x00000000   Code   RO         3190    .ARM.Collect$$libinit$$00000015  c_w.l(libinit2.o)
    0x08000204   0x08000204   0x00000000   Code   RO         3192    .ARM.Collect$$libinit$$00000017  c_w.l(libinit2.o)
    0x08000204   0x08000204   0x0000000a   Code   RO         3193    .ARM.Collect$$libinit$$00000018  c_w.l(libinit2.o)
    0x0800020e   0x0800020e   0x00000000   Code   RO         3194    .ARM.Collect$$libinit$$00000019  c_w.l(libinit2.o)
    0x0800020e   0x0800020e   0x00000000   Code   RO         3196    .ARM.Collect$$libinit$$0000001B  c_w.l(libinit2.o)
    0x0800020e   0x0800020e   0x00000000   Code   RO         3198    .ARM.Collect$$libinit$$0000001D  c_w.l(libinit2.o)
    0x0800020e   0x0800020e   0x00000000   Code   RO         3200    .ARM.Collect$$libinit$$0000001F  c_w.l(libinit2.o)
    0x0800020e   0x0800020e   0x00000000   Code   RO         3202    .ARM.Collect$$libinit$$00000021  c_w.l(libinit2.o)
    0x0800020e   0x0800020e   0x00000000   Code   RO         3204    .ARM.Collect$$libinit$$00000023  c_w.l(libinit2.o)
    0x0800020e   0x0800020e   0x00000000   Code   RO         3206    .ARM.Collect$$libinit$$00000025  c_w.l(libinit2.o)
    0x0800020e   0x0800020e   0x00000000   Code   RO         3208    .ARM.Collect$$libinit$$00000027  c_w.l(libinit2.o)
    0x0800020e   0x0800020e   0x00000000   Code   RO         3212    .ARM.Collect$$libinit$$0000002E  c_w.l(libinit2.o)
    0x0800020e   0x0800020e   0x00000000   Code   RO         3214    .ARM.Collect$$libinit$$00000030  c_w.l(libinit2.o)
    0x0800020e   0x0800020e   0x00000000   Code   RO         3216    .ARM.Collect$$libinit$$00000032  c_w.l(libinit2.o)
    0x0800020e   0x0800020e   0x00000000   Code   RO         3218    .ARM.Collect$$libinit$$00000034  c_w.l(libinit2.o)
    0x0800020e   0x0800020e   0x00000002   Code   RO         3219    .ARM.Collect$$libinit$$00000035  c_w.l(libinit2.o)
    0x08000210   0x08000210   0x00000002   Code   RO         3344    .ARM.Collect$$libshutdown$$00000000  c_w.l(libshutdown.o)
    0x08000212   0x08000212   0x00000000   Code   RO         3368    .ARM.Collect$$libshutdown$$00000002  c_w.l(libshutdown2.o)
    0x08000212   0x08000212   0x00000000   Code   RO         3370    .ARM.Collect$$libshutdown$$00000004  c_w.l(libshutdown2.o)
    0x08000212   0x08000212   0x00000000   Code   RO         3373    .ARM.Collect$$libshutdown$$00000007  c_w.l(libshutdown2.o)
    0x08000212   0x08000212   0x00000000   Code   RO         3376    .ARM.Collect$$libshutdown$$0000000A  c_w.l(libshutdown2.o)
    0x08000212   0x08000212   0x00000000   Code   RO         3378    .ARM.Collect$$libshutdown$$0000000C  c_w.l(libshutdown2.o)
    0x08000212   0x08000212   0x00000000   Code   RO         3381    .ARM.Collect$$libshutdown$$0000000F  c_w.l(libshutdown2.o)
    0x08000212   0x08000212   0x00000002   Code   RO         3382    .ARM.Collect$$libshutdown$$00000010  c_w.l(libshutdown2.o)
    0x08000214   0x08000214   0x00000000   Code   RO         2926    .ARM.Collect$$rtentry$$00000000  c_w.l(__rtentry.o)
    0x08000214   0x08000214   0x00000000   Code   RO         3097    .ARM.Collect$$rtentry$$00000002  c_w.l(__rtentry2.o)
    0x08000214   0x08000214   0x00000006   Code   RO         3109    .ARM.Collect$$rtentry$$00000004  c_w.l(__rtentry4.o)
    0x0800021a   0x0800021a   0x00000000   Code   RO         3099    .ARM.Collect$$rtentry$$00000009  c_w.l(__rtentry2.o)
    0x0800021a   0x0800021a   0x00000004   Code   RO         3100    .ARM.Collect$$rtentry$$0000000A  c_w.l(__rtentry2.o)
    0x0800021e   0x0800021e   0x00000000   Code   RO         3102    .ARM.Collect$$rtentry$$0000000C  c_w.l(__rtentry2.o)
    0x0800021e   0x0800021e   0x00000008   Code   RO         3103    .ARM.Collect$$rtentry$$0000000D  c_w.l(__rtentry2.o)
    0x08000226   0x08000226   0x00000002   Code   RO         3222    .ARM.Collect$$rtexit$$00000000  c_w.l(rtexit.o)
    0x08000228   0x08000228   0x00000000   Code   RO         3295    .ARM.Collect$$rtexit$$00000002  c_w.l(rtexit2.o)
    0x08000228   0x08000228   0x00000004   Code   RO         3296    .ARM.Collect$$rtexit$$00000003  c_w.l(rtexit2.o)
    0x0800022c   0x0800022c   0x00000006   Code   RO         3297    .ARM.Collect$$rtexit$$00000004  c_w.l(rtexit2.o)
    0x08000232   0x08000232   0x00000002   PAD
    0x08000234   0x08000234   0x00000040   Code   RO            4    .text               startup_stm32f103xb.o
    0x08000274   0x08000274   0x00000040   Code   RO         2793    .text               c_w.l(_snprintf.o)
    0x080002b4   0x080002b4   0x00000014   Code   RO         2795    .text               c_w.l(strchr.o)
    0x080002c8   0x080002c8   0x00000024   Code   RO         2797    .text               c_w.l(strstr.o)
    0x080002ec   0x080002ec   0x0000003e   Code   RO         2799    .text               c_w.l(strlen.o)
    0x0800032a   0x0800032a   0x0000008a   Code   RO         2801    .text               c_w.l(rt_memcpy_v6.o)
    0x080003b4   0x080003b4   0x00000064   Code   RO         2803    .text               c_w.l(rt_memcpy_w.o)
    0x08000418   0x08000418   0x00000006   Code   RO         2811    .text               c_w.l(heapauxi.o)
    0x0800041e   0x0800041e   0x00000016   Code   RO         2931    .text               c_w.l(_rserrno.o)
    0x08000434   0x08000434   0x0000004e   Code   RO         2935    .text               c_w.l(_printf_pad.o)
    0x08000482   0x08000482   0x00000024   Code   RO         2937    .text               c_w.l(_printf_truncate.o)
    0x080004a6   0x080004a6   0x00000052   Code   RO         2939    .text               c_w.l(_printf_str.o)
    0x080004f8   0x080004f8   0x00000078   Code   RO         2941    .text               c_w.l(_printf_dec.o)
    0x08000570   0x08000570   0x00000028   Code   RO         2943    .text               c_w.l(_printf_charcount.o)
    0x08000598   0x08000598   0x00000030   Code   RO         2945    .text               c_w.l(_printf_char_common.o)
    0x080005c8   0x080005c8   0x00000010   Code   RO         2947    .text               c_w.l(_snputc.o)
    0x080005d8   0x080005d8   0x000000bc   Code   RO         2949    .text               c_w.l(_printf_wctomb.o)
    0x08000694   0x08000694   0x0000007c   Code   RO         2952    .text               c_w.l(_printf_longlong_dec.o)
    0x08000710   0x08000710   0x00000070   Code   RO         2958    .text               c_w.l(_printf_oct_int_ll.o)
    0x08000780   0x08000780   0x00000094   Code   RO         2978    .text               c_w.l(_printf_hex_int_ll_ptr.o)
    0x08000814   0x08000814   0x00000188   Code   RO         2998    .text               c_w.l(__printf_flags_ss_wp.o)
    0x0800099c   0x0800099c   0x000000b0   Code   RO         3024    .text               c_w.l(strtod.o)
    0x08000a4c   0x08000a4c   0x00000008   Code   RO         3116    .text               c_w.l(rt_errno_addr_intlibspace.o)
    0x08000a54   0x08000a54   0x0000008a   Code   RO         3118    .text               c_w.l(lludiv10.o)
    0x08000ade   0x08000ade   0x00000012   Code   RO         3120    .text               c_w.l(isspace.o)
    0x08000af0   0x08000af0   0x000000b2   Code   RO         3122    .text               c_w.l(_printf_intcommon.o)
    0x08000ba2   0x08000ba2   0x0000002c   Code   RO         3126    .text               c_w.l(_printf_char.o)
    0x08000bce   0x08000bce   0x0000002c   Code   RO         3128    .text               c_w.l(_printf_wchar.o)
    0x08000bfa   0x08000bfa   0x00000040   Code   RO         3131    .text               c_w.l(_sgetc.o)
    0x08000c3a   0x08000c3a   0x00000048   Code   RO         3133    .text               c_w.l(_c16rtomb.o)
    0x08000c82   0x08000c82   0x00000002   PAD
    0x08000c84   0x08000c84   0x00000008   Code   RO         3148    .text               c_w.l(libspace.o)
    0x08000c8c   0x08000c8c   0x0000004a   Code   RO         3151    .text               c_w.l(sys_stackheap_outer.o)
    0x08000cd6   0x08000cd6   0x00000002   PAD
    0x08000cd8   0x08000cd8   0x00000010   Code   RO         3153    .text               c_w.l(rt_ctype_table.o)
    0x08000ce8   0x08000ce8   0x000004f8   Code   RO         3155    .text               c_w.l(scanf_fp.o)
    0x080011e0   0x080011e0   0x00000012   Code   RO         3159    .text               c_w.l(exit.o)
    0x080011f2   0x080011f2   0x00000002   PAD
    0x080011f4   0x080011f4   0x00000080   Code   RO         3165    .text               c_w.l(strcmpv7m.o)
    0x08001274   0x08001274   0x00000008   Code   RO         3229    .text               c_w.l(rt_locale_intlibspace.o)
    0x0800127c   0x0800127c   0x00000026   Code   RO         3231    .text               c_w.l(llshl.o)
    0x080012a2   0x080012a2   0x00000002   PAD
    0x080012a4   0x080012a4   0x000000e4   Code   RO         3233    .text               c_w.l(bigflt0.o)
    0x08001388   0x08001388   0x0000000c   Code   RO         3290    .text               c_w.l(sys_exit.o)
    0x08001394   0x08001394   0x00000320   Code   RO         3301    .text               c_w.l(scanf_hexfp.o)
    0x080016b4   0x080016b4   0x00000134   Code   RO         3303    .text               c_w.l(scanf_infnan.o)
    0x080017e8   0x080017e8   0x00000002   Code   RO         3327    .text               c_w.l(use_no_semi.o)
    0x080017ea   0x080017ea   0x00000000   Code   RO         3329    .text               c_w.l(indicate_semi.o)
    0x080017ea   0x080017ea   0x0000001c   Code   RO         3334    .text               c_w.l(_chval.o)
    0x08001806   0x08001806   0x00000002   PAD
    0x08001808   0x08001808   0x00000002   Code   RO          129    .text.BusFault_Handler  stm32f1xx_it.o
    0x0800180a   0x0800180a   0x00000002   PAD
    0x0800180c   0x0800180c   0x0000000c   Code   RO          151    .text.CAN1_RX1_IRQHandler  stm32f1xx_it.o
    0x08001818   0x08001818   0x0000000c   Code   RO          153    .text.CAN1_SCE_IRQHandler  stm32f1xx_it.o
    0x08001824   0x08001824   0x0000000c   Code   RO          143    .text.DMA1_Channel2_IRQHandler  stm32f1xx_it.o
    0x08001830   0x08001830   0x0000000c   Code   RO          145    .text.DMA1_Channel3_IRQHandler  stm32f1xx_it.o
    0x0800183c   0x0800183c   0x00000002   Code   RO          135    .text.DebugMon_Handler  stm32f1xx_it.o
    0x0800183e   0x0800183e   0x00000002   PAD
    0x08001840   0x08001840   0x00000006   Code   RO          141    .text.EXTI0_IRQHandler  stm32f1xx_it.o
    0x08001846   0x08001846   0x00000002   PAD
    0x08001848   0x08001848   0x0000000a   Code   RO           39    .text.Error_Handler  main.o
    0x08001852   0x08001852   0x00000002   PAD
    0x08001854   0x08001854   0x0000002e   Code   RO          225    .text.HAL_CAN_ActivateNotification  stm32f1xx_hal_can.o
    0x08001882   0x08001882   0x00000002   PAD
    0x08001884   0x08001884   0x000000a8   Code   RO          211    .text.HAL_CAN_AddTxMessage  stm32f1xx_hal_can.o
    0x0800192c   0x0800192c   0x000000ea   Code   RO          201    .text.HAL_CAN_ConfigFilter  stm32f1xx_hal_can.o
    0x08001a16   0x08001a16   0x00000002   PAD
    0x08001a18   0x08001a18   0x00000024   Code   RO          227    .text.HAL_CAN_DeactivateNotification  stm32f1xx_hal_can.o
    0x08001a3c   0x08001a3c   0x00000002   Code   RO          255    .text.HAL_CAN_ErrorCallback  stm32f1xx_hal_can.o
    0x08001a3e   0x08001a3e   0x00000002   PAD
    0x08001a40   0x08001a40   0x00000134   Code   RO          221    .text.HAL_CAN_GetRxMessage  stm32f1xx_hal_can.o
    0x08001b74   0x08001b74   0x0000025e   Code   RO          229    .text.HAL_CAN_IRQHandler  stm32f1xx_hal_can.o
    0x08001dd2   0x08001dd2   0x00000002   PAD
    0x08001dd4   0x08001dd4   0x000000f4   Code   RO          191    .text.HAL_CAN_Init  stm32f1xx_hal_can.o
    0x08001ec8   0x08001ec8   0x000000dc   Code   RO           66    .text.HAL_CAN_MspInit  can.o
    0x08001fa4   0x08001fa4   0x00000002   Code   RO          243    .text.HAL_CAN_RxFifo0FullCallback  stm32f1xx_hal_can.o
    0x08001fa6   0x08001fa6   0x00000002   PAD
    0x08001fa8   0x08001fa8   0x00000074   Code   RO           15    .text.HAL_CAN_RxFifo0MsgPendingCallback  main.o
    0x0800201c   0x0800201c   0x00000002   Code   RO          247    .text.HAL_CAN_RxFifo1FullCallback  stm32f1xx_hal_can.o
    0x0800201e   0x0800201e   0x00000002   PAD
    0x08002020   0x08002020   0x00000002   Code   RO          249    .text.HAL_CAN_RxFifo1MsgPendingCallback  stm32f1xx_hal_can.o
    0x08002022   0x08002022   0x00000002   PAD
    0x08002024   0x08002024   0x00000002   Code   RO          251    .text.HAL_CAN_SleepCallback  stm32f1xx_hal_can.o
    0x08002026   0x08002026   0x00000002   PAD
    0x08002028   0x08002028   0x0000005a   Code   RO          203    .text.HAL_CAN_Start  stm32f1xx_hal_can.o
    0x08002082   0x08002082   0x00000002   PAD
    0x08002084   0x08002084   0x00000002   Code   RO          233    .text.HAL_CAN_TxMailbox0AbortCallback  stm32f1xx_hal_can.o
    0x08002086   0x08002086   0x00000002   PAD
    0x08002088   0x08002088   0x00000002   Code   RO          231    .text.HAL_CAN_TxMailbox0CompleteCallback  stm32f1xx_hal_can.o
    0x0800208a   0x0800208a   0x00000002   PAD
    0x0800208c   0x0800208c   0x00000002   Code   RO          237    .text.HAL_CAN_TxMailbox1AbortCallback  stm32f1xx_hal_can.o
    0x0800208e   0x0800208e   0x00000002   PAD
    0x08002090   0x08002090   0x00000002   Code   RO          235    .text.HAL_CAN_TxMailbox1CompleteCallback  stm32f1xx_hal_can.o
    0x08002092   0x08002092   0x00000002   PAD
    0x08002094   0x08002094   0x00000002   Code   RO          241    .text.HAL_CAN_TxMailbox2AbortCallback  stm32f1xx_hal_can.o
    0x08002096   0x08002096   0x00000002   PAD
    0x08002098   0x08002098   0x00000002   Code   RO          239    .text.HAL_CAN_TxMailbox2CompleteCallback  stm32f1xx_hal_can.o
    0x0800209a   0x0800209a   0x00000002   PAD
    0x0800209c   0x0800209c   0x00000002   Code   RO          253    .text.HAL_CAN_WakeUpFromRxMsgCallback  stm32f1xx_hal_can.o
    0x0800209e   0x0800209e   0x00000002   PAD
    0x080020a0   0x080020a0   0x00000046   Code   RO          415    .text.HAL_DMA_Abort  stm32f1xx_hal_dma.o
    0x080020e6   0x080020e6   0x00000002   PAD
    0x080020e8   0x080020e8   0x000000b2   Code   RO          417    .text.HAL_DMA_Abort_IT  stm32f1xx_hal_dma.o
    0x0800219a   0x0800219a   0x00000002   PAD
    0x0800219c   0x0800219c   0x000001a0   Code   RO          421    .text.HAL_DMA_IRQHandler  stm32f1xx_hal_dma.o
    0x0800233c   0x0800233c   0x00000088   Code   RO          407    .text.HAL_DMA_Init  stm32f1xx_hal_dma.o
    0x080023c4   0x080023c4   0x0000009c   Code   RO          413    .text.HAL_DMA_Start_IT  stm32f1xx_hal_dma.o
    0x08002460   0x08002460   0x00000028   Code   RO          291    .text.HAL_Delay     stm32f1xx_hal.o
    0x08002488   0x08002488   0x00000002   Code   RO          397    .text.HAL_GPIO_EXTI_Callback  stm32f1xx_hal_gpio.o
    0x0800248a   0x0800248a   0x00000002   PAD
    0x0800248c   0x0800248c   0x00000016   Code   RO          395    .text.HAL_GPIO_EXTI_IRQHandler  stm32f1xx_hal_gpio.o
    0x080024a2   0x080024a2   0x00000002   PAD
    0x080024a4   0x080024a4   0x0000021a   Code   RO          383    .text.HAL_GPIO_Init  stm32f1xx_hal_gpio.o
    0x080026be   0x080026be   0x00000002   PAD
    0x080026c0   0x080026c0   0x00000010   Code   RO          391    .text.HAL_GPIO_TogglePin  stm32f1xx_hal_gpio.o
    0x080026d0   0x080026d0   0x0000000a   Code   RO          389    .text.HAL_GPIO_WritePin  stm32f1xx_hal_gpio.o
    0x080026da   0x080026da   0x00000002   PAD
    0x080026dc   0x080026dc   0x0000000c   Code   RO          283    .text.HAL_GetTick   stm32f1xx_hal.o
    0x080026e8   0x080026e8   0x0000001a   Code   RO          281    .text.HAL_IncTick   stm32f1xx_hal.o
    0x08002702   0x08002702   0x00000002   PAD
    0x08002704   0x08002704   0x00000026   Code   RO          271    .text.HAL_Init      stm32f1xx_hal.o
    0x0800272a   0x0800272a   0x00000002   PAD
    0x0800272c   0x0800272c   0x00000048   Code   RO          273    .text.HAL_InitTick  stm32f1xx_hal.o
    0x08002774   0x08002774   0x00000042   Code   RO          168    .text.HAL_MspInit   stm32f1xx_hal_msp.o
    0x080027b6   0x080027b6   0x00000002   PAD
    0x080027b8   0x080027b8   0x00000026   Code   RO          443    .text.HAL_NVIC_EnableIRQ  stm32f1xx_hal_cortex.o
    0x080027de   0x080027de   0x00000002   PAD
    0x080027e0   0x080027e0   0x00000056   Code   RO          441    .text.HAL_NVIC_SetPriority  stm32f1xx_hal_cortex.o
    0x08002836   0x08002836   0x00000002   PAD
    0x08002838   0x08002838   0x00000020   Code   RO          439    .text.HAL_NVIC_SetPriorityGrouping  stm32f1xx_hal_cortex.o
    0x08002858   0x08002858   0x000001ce   Code   RO          335    .text.HAL_RCC_ClockConfig  stm32f1xx_hal_rcc.o
    0x08002a26   0x08002a26   0x00000002   PAD
    0x08002a28   0x08002a28   0x00000026   Code   RO          347    .text.HAL_RCC_GetPCLK1Freq  stm32f1xx_hal_rcc.o
    0x08002a4e   0x08002a4e   0x00000002   PAD
    0x08002a50   0x08002a50   0x00000026   Code   RO          349    .text.HAL_RCC_GetPCLK2Freq  stm32f1xx_hal_rcc.o
    0x08002a76   0x08002a76   0x00000002   PAD
    0x08002a78   0x08002a78   0x000003b4   Code   RO          333    .text.HAL_RCC_OscConfig  stm32f1xx_hal_rcc.o
    0x08002e2c   0x08002e2c   0x0000002c   Code   RO          451    .text.HAL_SYSTICK_Config  stm32f1xx_hal_cortex.o
    0x08002e58   0x08002e58   0x00000002   Code   RO          909    .text.HAL_TIMEx_BreakCallback  stm32f1xx_hal_tim_ex.o
    0x08002e5a   0x08002e5a   0x00000002   PAD
    0x08002e5c   0x08002e5c   0x00000002   Code   RO          905    .text.HAL_TIMEx_CommutCallback  stm32f1xx_hal_tim_ex.o
    0x08002e5e   0x08002e5e   0x00000002   PAD
    0x08002e60   0x08002e60   0x0000007a   Code   RO          899    .text.HAL_TIMEx_MasterConfigSynchronization  stm32f1xx_hal_tim_ex.o
    0x08002eda   0x08002eda   0x00000002   PAD
    0x08002edc   0x08002edc   0x000000fa   Code   RO          604    .text.HAL_TIM_Base_Init  stm32f1xx_hal_tim.o
    0x08002fd6   0x08002fd6   0x00000002   PAD
    0x08002fd8   0x08002fd8   0x00000074   Code   RO           92    .text.HAL_TIM_Base_MspInit  tim.o
    0x0800304c   0x0800304c   0x0000006e   Code   RO          618    .text.HAL_TIM_Base_Start_IT  stm32f1xx_hal_tim.o
    0x080030ba   0x080030ba   0x00000002   PAD
    0x080030bc   0x080030bc   0x00000034   Code   RO          616    .text.HAL_TIM_Base_Stop  stm32f1xx_hal_tim.o
    0x080030f0   0x080030f0   0x0000003c   Code   RO          620    .text.HAL_TIM_Base_Stop_IT  stm32f1xx_hal_tim.o
    0x0800312c   0x0800312c   0x0000019c   Code   RO          784    .text.HAL_TIM_ConfigClockSource  stm32f1xx_hal_tim.o
    0x080032c8   0x080032c8   0x00000002   Code   RO          740    .text.HAL_TIM_IC_CaptureCallback  stm32f1xx_hal_tim.o
    0x080032ca   0x080032ca   0x00000002   PAD
    0x080032cc   0x080032cc   0x0000014e   Code   RO          738    .text.HAL_TIM_IRQHandler  stm32f1xx_hal_tim.o
    0x0800341a   0x0800341a   0x00000002   PAD
    0x0800341c   0x0800341c   0x00000002   Code   RO          742    .text.HAL_TIM_OC_DelayElapsedCallback  stm32f1xx_hal_tim.o
    0x0800341e   0x0800341e   0x00000002   PAD
    0x08003420   0x08003420   0x00000002   Code   RO          744    .text.HAL_TIM_PWM_PulseFinishedCallback  stm32f1xx_hal_tim.o
    0x08003422   0x08003422   0x00000002   PAD
    0x08003424   0x08003424   0x0000009c   Code   RO           29    .text.HAL_TIM_PeriodElapsedCallback  main.o
    0x080034c0   0x080034c0   0x00000002   Code   RO          748    .text.HAL_TIM_TriggerCallback  stm32f1xx_hal_tim.o
    0x080034c2   0x080034c2   0x00000002   PAD
    0x080034c4   0x080034c4   0x000001ca   Code   RO          969    .text.HAL_UARTEx_ReceiveToIdle_DMA  stm32f1xx_hal_uart.o
    0x0800368e   0x0800368e   0x00000002   PAD
    0x08003690   0x08003690   0x000000a0   Code   RO           33    .text.HAL_UARTEx_RxEventCallback  main.o
    0x08003730   0x08003730   0x00000002   Code   RO         1005    .text.HAL_UART_ErrorCallback  stm32f1xx_hal_uart.o
    0x08003732   0x08003732   0x00000002   PAD
    0x08003734   0x08003734   0x00000560   Code   RO          999    .text.HAL_UART_IRQHandler  stm32f1xx_hal_uart.o
    0x08003c94   0x08003c94   0x000000e2   Code   RO          923    .text.HAL_UART_Init  stm32f1xx_hal_uart.o
    0x08003d76   0x08003d76   0x00000002   PAD
    0x08003d78   0x08003d78   0x000000fe   Code   RO          108    .text.HAL_UART_MspInit  usart.o
    0x08003e76   0x08003e76   0x00000002   PAD
    0x08003e78   0x08003e78   0x00000002   Code   RO         1013    .text.HAL_UART_RxCpltCallback  stm32f1xx_hal_uart.o
    0x08003e7a   0x08003e7a   0x00000002   PAD
    0x08003e7c   0x08003e7c   0x00000002   Code   RO         1015    .text.HAL_UART_RxHalfCpltCallback  stm32f1xx_hal_uart.o
    0x08003e7e   0x08003e7e   0x00000002   PAD
    0x08003e80   0x08003e80   0x00000178   Code   RO          937    .text.HAL_UART_Transmit  stm32f1xx_hal_uart.o
    0x08003ff8   0x08003ff8   0x00000038   Code   RO          941    .text.HAL_UART_Transmit_IT  stm32f1xx_hal_uart.o
    0x08004030   0x08004030   0x00000002   Code   RO         1009    .text.HAL_UART_TxCpltCallback  stm32f1xx_hal_uart.o
    0x08004032   0x08004032   0x00000002   PAD
    0x08004034   0x08004034   0x00000002   Code   RO          125    .text.HardFault_Handler  stm32f1xx_it.o
    0x08004036   0x08004036   0x00000002   PAD
    0x08004038   0x08004038   0x00000166   Code   RO           17    .text.Limit_Init    main.o
    0x0800419e   0x0800419e   0x00000002   PAD
    0x080041a0   0x080041a0   0x0000003a   Code   RO           64    .text.MX_CAN_Init   can.o
    0x080041da   0x080041da   0x00000002   PAD
    0x080041dc   0x080041dc   0x00000044   Code   RO           79    .text.MX_DMA_Init   dma.o
    0x08004220   0x08004220   0x0000009c   Code   RO           55    .text.MX_GPIO_Init  gpio.o
    0x080042bc   0x080042bc   0x00000078   Code   RO           88    .text.MX_TIM3_Init  tim.o
    0x08004334   0x08004334   0x00000078   Code   RO           90    .text.MX_TIM4_Init  tim.o
    0x080043ac   0x080043ac   0x00000052   Code   RO          106    .text.MX_USART3_UART_Init  usart.o
    0x080043fe   0x080043fe   0x00000002   PAD
    0x08004400   0x08004400   0x00000002   Code   RO          127    .text.MemManage_Handler  stm32f1xx_it.o
    0x08004402   0x08004402   0x00000002   PAD
    0x08004404   0x08004404   0x00000002   Code   RO          123    .text.NMI_Handler   stm32f1xx_it.o
    0x08004406   0x08004406   0x00000002   PAD
    0x08004408   0x08004408   0x0000014e   Code   RO           23    .text.PID_Control   main.o
    0x08004556   0x08004556   0x00000002   PAD
    0x08004558   0x08004558   0x00000002   Code   RO          137    .text.PendSV_Handler  stm32f1xx_it.o
    0x0800455a   0x0800455a   0x00000002   PAD
    0x0800455c   0x0800455c   0x000000a4   Code   RO           19    .text.Process_UART_Command  main.o
    0x08004600   0x08004600   0x00000002   Code   RO          133    .text.SVC_Handler   stm32f1xx_it.o
    0x08004602   0x08004602   0x00000002   PAD
    0x08004604   0x08004604   0x00000004   Code   RO          139    .text.SysTick_Handler  stm32f1xx_it.o
    0x08004608   0x08004608   0x00000002   Code   RO         1043    .text.SystemInit    system_stm32f1xx.o
    0x0800460a   0x0800460a   0x00000002   PAD
    0x0800460c   0x0800460c   0x0000000c   Code   RO          155    .text.TIM3_IRQHandler  stm32f1xx_it.o
    0x08004618   0x08004618   0x0000000c   Code   RO          157    .text.TIM4_IRQHandler  stm32f1xx_it.o
    0x08004624   0x08004624   0x0000000c   Code   RO         1003    .text.UART_DMAAbortOnError  stm32f1xx_hal_uart.o
    0x08004630   0x08004630   0x0000017c   Code   RO          953    .text.UART_DMAError  stm32f1xx_hal_uart.o
    0x080047ac   0x080047ac   0x0000015e   Code   RO         1031    .text.UART_DMAReceiveCplt  stm32f1xx_hal_uart.o
    0x0800490a   0x0800490a   0x00000002   PAD
    0x0800490c   0x0800490c   0x00000018   Code   RO         1033    .text.UART_DMARxHalfCplt  stm32f1xx_hal_uart.o
    0x08004924   0x08004924   0x000000fe   Code   RO         1001    .text.UART_Receive_IT  stm32f1xx_hal_uart.o
    0x08004a22   0x08004a22   0x00000002   PAD
    0x08004a24   0x08004a24   0x0000000c   Code   RO          159    .text.USART3_IRQHandler  stm32f1xx_it.o
    0x08004a30   0x08004a30   0x0000000c   Code   RO          147    .text.USB_HP_CAN1_TX_IRQHandler  stm32f1xx_it.o
    0x08004a3c   0x08004a3c   0x0000000c   Code   RO          149    .text.USB_LP_CAN1_RX0_IRQHandler  stm32f1xx_it.o
    0x08004a48   0x08004a48   0x00000002   Code   RO          131    .text.UsageFault_Handler  stm32f1xx_it.o
    0x08004a4a   0x08004a4a   0x00000002   PAD
    0x08004a4c   0x08004a4c   0x000001ac   Code   RO         1168    .text.arm_clip_f32  basicmathfunctions.o
    0x08004bf8   0x08004bf8   0x00000040   Code   RO         1523    .text.arm_pid_init_f32  controllerfunctions.o
    0x08004c38   0x08004c38   0x0000019c   Code   RO           35    .text.main          main.o
    0x08004dd4   0x08004dd4   0x00000338   Code   RO         3246    CL$$btod_div_common  c_w.l(btod.o)
    0x0800510c   0x0800510c   0x00000084   Code   RO         3244    CL$$btod_e2d        c_w.l(btod.o)
    0x08005190   0x08005190   0x000000dc   Code   RO         3243    CL$$btod_e2e        c_w.l(btod.o)
    0x0800526c   0x0800526c   0x0000002a   Code   RO         3240    CL$$btod_ediv       c_w.l(btod.o)
    0x08005296   0x08005296   0x0000002a   Code   RO         3242    CL$$btod_edivd      c_w.l(btod.o)
    0x080052c0   0x080052c0   0x0000002a   Code   RO         3239    CL$$btod_emul       c_w.l(btod.o)
    0x080052ea   0x080052ea   0x0000002a   Code   RO         3241    CL$$btod_emuld      c_w.l(btod.o)
    0x08005314   0x08005314   0x00000244   Code   RO         3245    CL$$btod_mult_common  c_w.l(btod.o)
    0x08005558   0x08005558   0x0000000e   Code   RO         3065    i.__mathlib_dbl_overflow  m_ws.l(dunder.o)
    0x08005566   0x08005566   0x00000002   PAD
    0x08005568   0x08005568   0x00000010   Code   RO         3067    i.__mathlib_dbl_underflow  m_ws.l(dunder.o)
    0x08005578   0x08005578   0x00000010   Code   RO         3284    i.__mathlib_narrow  m_ws.l(narrow.o)
    0x08005588   0x08005588   0x000000bc   Code   RO         3285    i.__mathlib_tofloat  m_ws.l(narrow.o)
    0x08005644   0x08005644   0x00000016   Code   RO         3346    i.__support_ldexp   m_ws.l(ldexp.o)
    0x0800565a   0x0800565a   0x0000000e   Code   RO         2991    i._is_digit         c_w.l(__printf_wp.o)
    0x08005668   0x08005668   0x0000002c   Code   RO         2882    i.atof              m_ws.l(atof.o)
    0x08005694   0x08005694   0x00000058   Code   RO         3316    i.frexp             m_ws.l(frexp.o)
    0x080056ec   0x080056ec   0x00000074   Code   RO         3347    i.ldexp             m_ws.l(ldexp.o)
    0x08005760   0x08005760   0x0000002c   Code   RO         3136    locale$$code        c_w.l(lc_numeric_c.o)
    0x0800578c   0x0800578c   0x0000002c   Code   RO         3262    locale$$code        c_w.l(lc_ctype_c.o)
    0x080057b8   0x080057b8   0x00000062   Code   RO         2815    x$fpl$d2f           fz_ws.l(d2f.o)
    0x0800581a   0x0800581a   0x00000002   PAD
    0x0800581c   0x0800581c   0x00000010   Code   RO         3138    x$fpl$dcheck1       fz_ws.l(dcheck1.o)
    0x0800582c   0x0800582c   0x00000018   Code   RO         3140    x$fpl$dcmpinf       fz_ws.l(dcmpi.o)
    0x08005844   0x08005844   0x000002b4   Code   RO         2828    x$fpl$ddiv          fz_ws.l(ddiv.o)
    0x08005af8   0x08005af8   0x00000078   Code   RO         3026    x$fpl$deqf          fz_ws.l(deqf.o)
    0x08005b70   0x08005b70   0x00000078   Code   RO         3030    x$fpl$dleqf         fz_ws.l(dleqf.o)
    0x08005be8   0x08005be8   0x0000009c   Code   RO         3032    x$fpl$dnaninf       fz_ws.l(dnaninf.o)
    0x08005c84   0x08005c84   0x0000000c   Code   RO         3034    x$fpl$dretinf       fz_ws.l(dretinf.o)
    0x08005c90   0x08005c90   0x0000006c   Code   RO         3036    x$fpl$drleqf        fz_ws.l(drleqf.o)
    0x08005cfc   0x08005cfc   0x000000c4   Code   RO         2851    x$fpl$fadd          fz_ws.l(faddsub_clz.o)
    0x08005dc0   0x08005dc0   0x00000054   Code   RO         2857    x$fpl$fcmp          fz_ws.l(fcmp.o)
    0x08005e14   0x08005e14   0x00000018   Code   RO         3144    x$fpl$fcmpinf       fz_ws.l(fcmpi.o)
    0x08005e2c   0x08005e2c   0x00000068   Code   RO         3040    x$fpl$feqf          fz_ws.l(feqf.o)
    0x08005e94   0x08005e94   0x00000036   Code   RO         2863    x$fpl$ffix          fz_ws.l(ffix.o)
    0x08005eca   0x08005eca   0x00000002   PAD
    0x08005ecc   0x08005ecc   0x00000030   Code   RO         2872    x$fpl$fflt          fz_ws.l(fflt_clz.o)
    0x08005efc   0x08005efc   0x00000068   Code   RO         3042    x$fpl$fgeqf         fz_ws.l(fgeqf.o)
    0x08005f64   0x08005f64   0x00000068   Code   RO         3044    x$fpl$fleqf         fz_ws.l(fleqf.o)
    0x08005fcc   0x08005fcc   0x00000102   Code   RO         2877    x$fpl$fmul          fz_ws.l(fmul.o)
    0x080060ce   0x080060ce   0x0000008c   Code   RO         3046    x$fpl$fnaninf       fz_ws.l(fnaninf.o)
    0x0800615a   0x0800615a   0x0000000a   Code   RO         3048    x$fpl$fretinf       fz_ws.l(fretinf.o)
    0x08006164   0x08006164   0x000000ea   Code   RO         2853    x$fpl$fsub          fz_ws.l(faddsub_clz.o)
    0x0800624e   0x0800624e   0x00000006   Code   RO         3054    x$fpl$ieeestatus    fz_ws.l(istatus.o)
    0x08006254   0x08006254   0x00000064   Code   RO         3220    x$fpl$retnan        fz_ws.l(retnan.o)
    0x080062b8   0x080062b8   0x0000005c   Code   RO         3056    x$fpl$scalbn        fz_ws.l(scalbn.o)
    0x08006314   0x08006314   0x00000004   Code   RO         3146    x$fpl$scanf1        fz_ws.l(scanf1.o)
    0x08006318   0x08006318   0x00000008   Code   RO         3276    x$fpl$scanf2        fz_ws.l(scanf2.o)
    0x08006320   0x08006320   0x00000030   Code   RO         3282    x$fpl$trapveneer    fz_ws.l(trapv.o)
    0x08006350   0x08006350   0x00000000   Code   RO         3060    x$fpl$usenofp       fz_ws.l(usenofp.o)
    0x08006350   0x08006350   0x00000008   Data   RO         2950    .constdata          c_w.l(_printf_wctomb.o)
    0x08006358   0x08006358   0x00000028   Data   RO         2979    .constdata          c_w.l(_printf_hex_int_ll_ptr.o)
    0x08006380   0x08006380   0x00000011   Data   RO         2999    .constdata          c_w.l(__printf_flags_ss_wp.o)
    0x08006391   0x08006391   0x00000003   PAD
    0x08006394   0x08006394   0x00000094   Data   RO         3234    .constdata          c_w.l(bigflt0.o)
    0x08006428   0x08006428   0x00000010   Data   RO         1048    .rodata.AHBPrescTable  system_stm32f1xx.o
    0x08006438   0x08006438   0x00000008   Data   RO         1049    .rodata.APBPrescTable  system_stm32f1xx.o
    0x08006440   0x08006440   0x00000002   Data   RO          360    .rodata.HAL_RCC_GetSysClockFreq.aPredivFactorTable  stm32f1xx_hal_rcc.o
    0x08006442   0x08006442   0x00000010   Data   RO          359    .rodata.cst16       stm32f1xx_hal_rcc.o
    0x08006452   0x08006452   0x00000005   Data   RO           43    .rodata.str1.1      main.o
    0x08006457   0x08006457   0x00000001   PAD
    0x08006458   0x08006458   0x00000020   Data   RO         3384    Region$$Table       anon$$obj.o
    0x08006478   0x08006478   0x00000008   Data   RO         3270    c$$dinf             fz_ws.l(fpconst.o)
    0x08006480   0x08006480   0x00000008   Data   RO         3273    c$$dmax             fz_ws.l(fpconst.o)
    0x08006488   0x08006488   0x0000001c   Data   RO         3135    locale$$data        c_w.l(lc_numeric_c.o)
    0x080064a4   0x080064a4   0x00000110   Data   RO         3261    locale$$data        c_w.l(lc_ctype_c.o)


    Execution Region RW_IRAM1 (Exec base: 0x20000000, Load base: 0x080065b8, Size: 0x000008c0, Max: 0x00005000, ABSOLUTE)

    Exec Addr    Load Addr    Size         Type   Attr      Idx    E Section Name        Object

    0x20000000   0x080065b8   0x00000008   Data   RW          322    .data..L_MergedGlobals  stm32f1xx_hal.o
    0x20000008   0x080065c0   0x00000004   Data   RW         1047    .data.SystemCoreClock  system_stm32f1xx.o
    0x2000000c   0x080065c4   0x00000004   PAD
    0x20000010        -       0x00000060   Zero   RW         3149    .bss                c_w.l(libspace.o)
    0x20000070        -       0x0000005c   Zero   RW           45    .bss..L_MergedGlobals  main.o
    0x200000cc        -       0x00000064   Zero   RW           46    .bss..L_MergedGlobals.9  main.o
    0x20000130        -       0x00000028   Zero   RW           70    .bss.hcan           can.o
    0x20000158        -       0x00000044   Zero   RW          113    .bss.hdma_usart3_rx  usart.o
    0x2000019c        -       0x00000044   Zero   RW          114    .bss.hdma_usart3_tx  usart.o
    0x200001e0        -       0x00000048   Zero   RW           96    .bss.htim3          tim.o
    0x20000228        -       0x00000048   Zero   RW           97    .bss.htim4          tim.o
    0x20000270        -       0x00000048   Zero   RW          112    .bss.huart3         usart.o
    0x200002b8        -       0x00000004   Zero   RW          321    .bss.uwTick         stm32f1xx_hal.o
    0x200002bc   0x080065c4   0x00000004   PAD
    0x200002c0        -       0x00000200   Zero   RW            2    HEAP                startup_stm32f103xb.o
    0x200004c0        -       0x00000400   Zero   RW            1    STACK               startup_stm32f103xb.o


==============================================================================

Image component sizes


      Code (inc. data)   RO Data    RW Data    ZI Data      Debug   Object Name

       428          0          0          0          0      53872   basicmathfunctions.o
       278          0          0          0         40       5182   can.o
        64          0          0          0          0       5635   controllerfunctions.o
        68          0          0          0          0       2199   dma.o
       156          0          0          0          0       2658   gpio.o
      1710         44          5          0        192      16137   main.o
        64         26        236          0       1536        800   startup_stm32f103xb.o
       188          0          0          8          4       5771   stm32f1xx_hal.o
      1756          6          0          0          0      13645   stm32f1xx_hal_can.o
       200          0          0          0          0       8529   stm32f1xx_hal_cortex.o
       956          0          0          0          0       8468   stm32f1xx_hal_dma.o
       588         22          0          0          0       4599   stm32f1xx_hal_gpio.o
        66          0          0          0          0       1226   stm32f1xx_hal_msp.o
      1486          0         18          0          0       7770   stm32f1xx_hal_rcc.o
      1226          0          0          0          0      55298   stm32f1xx_hal_tim.o
       126          0          0          0          0      20687   stm32f1xx_hal_tim_ex.o
      3520          0          0          0          0      32266   stm32f1xx_hal_uart.o
       134          0          0          0          0       8104   stm32f1xx_it.o
         2          0         24          4          0       1715   system_stm32f1xx.o
       356          0          0          0        144       6053   tim.o
       336          0          0          0        208       5557   usart.o

    ----------------------------------------------------------------------
     13836         98        316         12       2132     266171   Object Totals
         0          0         32          0          0          0   (incl. Generated)
       128          0          1          0          8          0   (incl. Padding)

    ----------------------------------------------------------------------

      Code (inc. data)   RO Data    RW Data    ZI Data      Debug   Library Member Name

         8          0          0          0          0         68   __main.o
       392          4         17          0          0         92   __printf_flags_ss_wp.o
        14          0          0          0          0         68   __printf_wp.o
         0          0          0          0          0          0   __rtentry.o
        12          0          0          0          0          0   __rtentry2.o
         6          0          0          0          0          0   __rtentry4.o
        52          8          0          0          0          0   __scatter.o
        26          0          0          0          0          0   __scatter_copy.o
        28          0          0          0          0          0   __scatter_zi.o
        72          0          0          0          0         96   _c16rtomb.o
        28          0          0          0          0         68   _chval.o
         6          0          0          0          0          0   _printf_a.o
         6          0          0          0          0          0   _printf_c.o
        44          0          0          0          0        108   _printf_char.o
        48          6          0          0          0         96   _printf_char_common.o
        40          0          0          0          0         68   _printf_charcount.o
         6          0          0          0          0          0   _printf_d.o
       120         16          0          0          0         92   _printf_dec.o
         6          0          0          0          0          0   _printf_e.o
         6          0          0          0          0          0   _printf_f.o
         6          0          0          0          0          0   _printf_g.o
       148          4         40          0          0        160   _printf_hex_int_ll_ptr.o
         6          0          0          0          0          0   _printf_i.o
       178          0          0          0          0         88   _printf_intcommon.o
        10          0          0          0          0          0   _printf_l.o
         6          0          0          0          0          0   _printf_lc.o
        10          0          0          0          0          0   _printf_ll.o
         6          0          0          0          0          0   _printf_lld.o
         6          0          0          0          0          0   _printf_lli.o
         6          0          0          0          0          0   _printf_llo.o
         6          0          0          0          0          0   _printf_llu.o
         6          0          0          0          0          0   _printf_llx.o
       124         16          0          0          0         92   _printf_longlong_dec.o
         6          0          0          0          0          0   _printf_ls.o
         6          0          0          0          0          0   _printf_n.o
         6          0          0          0          0          0   _printf_o.o
       112          8          0          0          0        124   _printf_oct_int_ll.o
         6          0          0          0          0          0   _printf_p.o
        78          0          0          0          0        108   _printf_pad.o
         0          0          0          0          0          0   _printf_percent.o
         4          0          0          0          0          0   _printf_percent_end.o
         6          0          0          0          0          0   _printf_s.o
        82          0          0          0          0         80   _printf_str.o
        36          0          0          0          0         84   _printf_truncate.o
         6          0          0          0          0          0   _printf_u.o
        44          0          0          0          0        108   _printf_wchar.o
       188          6          8          0          0         92   _printf_wctomb.o
         6          0          0          0          0          0   _printf_x.o
        22          0          0          0          0        100   _rserrno.o
        64          0          0          0          0         84   _sgetc.o
        64          6          0          0          0         84   _snprintf.o
        16          0          0          0          0         68   _snputc.o
       228          4        148          0          0         96   bigflt0.o
      1924        136          0          0          0        752   btod.o
        18          0          0          0          0         80   exit.o
         6          0          0          0          0        152   heapauxi.o
         0          0          0          0          0          0   indicate_semi.o
        18          0          0          0          0         76   isspace.o
        44         10        272          0          0         76   lc_ctype_c.o
        44         10         28          0          0         76   lc_numeric_c.o
         2          0          0          0          0          0   libinit.o
        30          0          0          0          0          0   libinit2.o
         2          0          0          0          0          0   libshutdown.o
         2          0          0          0          0          0   libshutdown2.o
         8          4          0          0         96         68   libspace.o
        38          0          0          0          0         68   llshl.o
       138          0          0          0          0         80   lludiv10.o
        16          4          0          0          0         76   rt_ctype_table.o
         8          4          0          0          0         68   rt_errno_addr_intlibspace.o
         8          4          0          0          0         68   rt_locale_intlibspace.o
       138          0          0          0          0         68   rt_memcpy_v6.o
       100          0          0          0          0         80   rt_memcpy_w.o
         2          0          0          0          0          0   rtexit.o
        10          0          0          0          0          0   rtexit2.o
      1272         16          0          0          0        168   scanf_fp.o
       800         14          0          0          0        100   scanf_hexfp.o
       308         16          0          0          0        100   scanf_infnan.o
        20          0          0          0          0         68   strchr.o
       128          0          0          0          0         68   strcmpv7m.o
        62          0          0          0          0         76   strlen.o
        36          0          0          0          0         80   strstr.o
       176         14          0          0          0        124   strtod.o
        12          4          0          0          0         68   sys_exit.o
        74          0          0          0          0         80   sys_stackheap_outer.o
         2          0          0          0          0         68   use_no_semi.o
        98          4          0          0          0         92   d2f.o
        16          4          0          0          0         68   dcheck1.o
        24          0          0          0          0         68   dcmpi.o
       692        140          0          0          0        216   ddiv.o
       120          4          0          0          0         92   deqf.o
       120          4          0          0          0         92   dleqf.o
       156          4          0          0          0         92   dnaninf.o
        12          0          0          0          0         68   dretinf.o
       108          0          0          0          0         80   drleqf.o
       430          8          0          0          0        168   faddsub_clz.o
        84          0          0          0          0        196   fcmp.o
        24          0          0          0          0         68   fcmpi.o
       104          4          0          0          0         84   feqf.o
        54          4          0          0          0         84   ffix.o
        48          0          0          0          0         68   fflt_clz.o
       104          4          0          0          0         84   fgeqf.o
       104          4          0          0          0         84   fleqf.o
       258          4          0          0          0         84   fmul.o
       140          4          0          0          0         84   fnaninf.o
         0          0         16          0          0          0   fpconst.o
        10          0          0          0          0         68   fretinf.o
         6          0          0          0          0         68   istatus.o
       100          0          0          0          0         68   retnan.o
        92          0          0          0          0         68   scalbn.o
         4          0          0          0          0         68   scanf1.o
         8          0          0          0          0         84   scanf2.o
        48          0          0          0          0         68   trapv.o
         0          0          0          0          0          0   usenofp.o
        44          0          0          0          0         84   atof.o
        30          6          0          0          0        136   dunder.o
        88          8          0          0          0         76   frexp.o
       138          0          0          0          0        160   ldexp.o
       204          4          0          0          0        168   narrow.o

    ----------------------------------------------------------------------
     11352        524        532          0         96       7900   Library Totals
        20          0          3          0          0          0   (incl. Padding)

    ----------------------------------------------------------------------

      Code (inc. data)   RO Data    RW Data    ZI Data      Debug   Library Name

      7864        314        513          0         96       4912   c_w.l
      2964        192         16          0          0       2364   fz_ws.l
       504         18          0          0          0        624   m_ws.l

    ----------------------------------------------------------------------
     11352        524        532          0         96       7900   Library Totals

    ----------------------------------------------------------------------

==============================================================================


      Code (inc. data)   RO Data    RW Data    ZI Data      Debug   

     25188        622        848         12       2228     269267   Grand Totals
     25188        622        848         12       2228     269267   ELF Image Totals
     25188        622        848         12          0          0   ROM Totals

==============================================================================

    Total RO  Size (Code + RO Data)                26036 (  25.43kB)
    Total RW  Size (RW Data + ZI Data)              2240 (   2.19kB)
    Total ROM Size (Code + RO Data + RW Data)      26048 (  25.44kB)

==============================================================================

